<html>
<body>
<pre>
<h1>礦ision Build Log</h1>
<h2>Tool Versions:</h2>
IDE-Version: μVision V5.25.2.0
Copyright (C) 2018 ARM Ltd and ARM Germany GmbH. All rights reserved.
License Information: yaoll test, test100, LIC=LJWPC-7HZ3M-243SS-L2NSJ-9WMZ3-I82M1
 
Tool Versions:
Toolchain:       MDK-ARM Professional  Version: 5.25.2.0
Toolchain Path:  D:\SoftWare_Install\MDK-ARM V5.25\ARM\ARMCC\Bin
C Compiler:      Armcc.exe V5.06 update 6 (build 750)
Assembler:       Armasm.exe V5.06 update 6 (build 750)
Linker/Locator:  ArmLink.exe V5.06 update 6 (build 750)
Library Manager: ArmAr.exe V5.06 update 6 (build 750)
Hex Converter:   FromElf.exe V5.06 update 6 (build 750)
CPU DLL:         SARMCM3.DLL V5.25.2.0
Dialog DLL:      DCM.DLL V1.17.1.0
Target DLL:      STLink\ST-LINKIII-KEIL_SWO.dll V3.0.1.0
Dialog DLL:      TCM.DLL V1.35.1.0
 
<h2>Project:</h2>
D:\file\Desktop\工作\01 项目\18 1+X传感网开发（中级）\02 中级\1+X传感网应用开发_中级\05 参考代码（教师专用）\07 NB-IoT智能路灯工程\NBIOT-lamp\MDK-ARM\NBIOT-lamp.uvprojx
Project File Date:  03/24/2020

<h2>Output:</h2>
*** Using Compiler 'V5.06 update 6 (build 750)', folder: 'D:\SoftWare_Install\MDK-ARM V5.25\ARM\ARMCC\Bin'
Rebuild target 'NBIOT-lamp'
assembling startup_stm32l151xb.s...
compiling key.c...
compiling oled.c...
compiling user_usart2.c...
compiling user_usart1.c...
compiling user_oled.c...
compiling user_cloud.c...
compiling stm32l1xx_it.c...
compiling main.c...
compiling stm32l1xx_hal_msp.c...
compiling user_rtc.c...
compiling stm32l1xx_hal_adc.c...
compiling stm32l1xx_hal_adc_ex.c...
compiling stm32l1xx_hal_rtc.c...
compiling stm32l1xx_hal_rtc_ex.c...
compiling stm32l1xx_hal_tim.c...
compiling stm32l1xx_hal_tim_ex.c...
compiling stm32l1xx_hal_uart.c...
compiling stm32l1xx_hal.c...
compiling stm32l1xx_hal_rcc_ex.c...
compiling stm32l1xx_hal_flash.c...
compiling stm32l1xx_hal_rcc.c...
compiling stm32l1xx_hal_gpio.c...
compiling stm32l1xx_hal_flash_ex.c...
compiling stm32l1xx_hal_flash_ramfunc.c...
compiling stm32l1xx_hal_pwr_ex.c...
compiling stm32l1xx_hal_dma.c...
compiling stm32l1xx_hal_pwr.c...
compiling stm32l1xx_hal_cortex.c...
compiling system_stm32l1xx.c...
linking...
Program Size: Code=21268 RO-data=2104 RW-data=1456 ZI-data=1656  
FromELF: creating hex file...
"NBIOT-lamp\NBIOT-lamp.axf" - 0 Error(s), 0 Warning(s).

<h2>Software Packages used:</h2>

Package Vendor: ARM
                http://www.keil.com/pack/ARM.CMSIS.5.4.0.pack
                ARM.CMSIS.5.4.0
                CMSIS (Cortex Microcontroller Software Interface Standard)
   * Component: CORE Version: 5.1.2

Package Vendor: Keil
                http://www.keil.com/pack/Keil.STM32L1xx_DFP.1.2.0.pack
                Keil.STM32L1xx_DFP.1.2.0
                STMicroelectronics STM32L1 Series Device Support and Examples

<h2>Collection of Component include folders:</h2>
  .\RTE\_NBIOT-lamp
  D:\SoftWare_Install\MDK-ARM V5.25\ARM\PACK\ARM\CMSIS\5.4.0\CMSIS\Core\Include
  D:\SoftWare_Install\MDK-ARM V5.25\ARM\PACK\Keil\STM32L1xx_DFP\1.2.0\Device\Include

<h2>Collection of Component Files used:</h2>

   * Component: ARM::CMSIS:CORE:5.1.2
Build Time Elapsed:  00:00:19
</pre>
</body>
</html>
