Component: ARM Compiler 5.06 update 6 (build 750) Tool: armlink [4d35ed]

==============================================================================

Section Cross References

    startup_stm32l151xb.o(RESET) refers to startup_stm32l151xb.o(STACK) for __initial_sp
    startup_stm32l151xb.o(RESET) refers to startup_stm32l151xb.o(.text) for Reset_Handler
    startup_stm32l151xb.o(RESET) refers to stm32l1xx_it.o(i.NMI_Handler) for NMI_Handler
    startup_stm32l151xb.o(RESET) refers to stm32l1xx_it.o(i.HardFault_Handler) for HardFault_Handler
    startup_stm32l151xb.o(RESET) refers to stm32l1xx_it.o(i.MemManage_Handler) for MemManage_Handler
    startup_stm32l151xb.o(RESET) refers to stm32l1xx_it.o(i.BusFault_Handler) for BusFault_Handler
    startup_stm32l151xb.o(RESET) refers to stm32l1xx_it.o(i.UsageFault_Handler) for UsageFault_Handler
    startup_stm32l151xb.o(RESET) refers to stm32l1xx_it.o(i.SVC_Handler) for SVC_Handler
    startup_stm32l151xb.o(RESET) refers to stm32l1xx_it.o(i.DebugMon_Handler) for DebugMon_Handler
    startup_stm32l151xb.o(RESET) refers to stm32l1xx_it.o(i.PendSV_Handler) for PendSV_Handler
    startup_stm32l151xb.o(RESET) refers to stm32l1xx_it.o(i.SysTick_Handler) for SysTick_Handler
    startup_stm32l151xb.o(RESET) refers to stm32l1xx_it.o(i.USART1_IRQHandler) for USART1_IRQHandler
    startup_stm32l151xb.o(RESET) refers to stm32l1xx_it.o(i.USART2_IRQHandler) for USART2_IRQHandler
    startup_stm32l151xb.o(.text) refers to system_stm32l1xx.o(i.SystemInit) for SystemInit
    startup_stm32l151xb.o(.text) refers to entry.o(.ARM.Collect$$$$00000000) for __main
    oled.o(i.OLED_Clear) refers to oled.o(i.OLED_WR_Byte) for OLED_WR_Byte
    oled.o(i.OLED_Display_Off) refers to oled.o(i.OLED_WR_Byte) for OLED_WR_Byte
    oled.o(i.OLED_Display_On) refers to oled.o(i.OLED_WR_Byte) for OLED_WR_Byte
    oled.o(i.OLED_DrawBMP) refers to oled.o(i.OLED_Set_Pos) for OLED_Set_Pos
    oled.o(i.OLED_DrawBMP) refers to oled.o(i.OLED_WR_Byte) for OLED_WR_Byte
    oled.o(i.OLED_Init) refers to stm32l1xx_hal_gpio.o(i.HAL_GPIO_Init) for HAL_GPIO_Init
    oled.o(i.OLED_Init) refers to stm32l1xx_hal_gpio.o(i.HAL_GPIO_WritePin) for HAL_GPIO_WritePin
    oled.o(i.OLED_Init) refers to oled.o(i.OLED_WR_Byte) for OLED_WR_Byte
    oled.o(i.OLED_Init) refers to oled.o(i.OLED_Clear) for OLED_Clear
    oled.o(i.OLED_Init) refers to oled.o(i.OLED_Set_Pos) for OLED_Set_Pos
    oled.o(i.OLED_Set_Pos) refers to oled.o(i.OLED_WR_Byte) for OLED_WR_Byte
    oled.o(i.OLED_ShowCHinese) refers to oled.o(i.OLED_Set_Pos) for OLED_Set_Pos
    oled.o(i.OLED_ShowCHinese) refers to oled.o(i.OLED_WR_Byte) for OLED_WR_Byte
    oled.o(i.OLED_ShowCHinese) refers to oled.o(.data) for .data
    oled.o(i.OLED_ShowChar) refers to oled.o(i.OLED_Set_Pos) for OLED_Set_Pos
    oled.o(i.OLED_ShowChar) refers to oled.o(i.OLED_WR_Byte) for OLED_WR_Byte
    oled.o(i.OLED_ShowChar) refers to oled.o(.constdata) for .constdata
    oled.o(i.OLED_ShowNum) refers to oled.o(i.oled_pow) for oled_pow
    oled.o(i.OLED_ShowNum) refers to oled.o(i.OLED_ShowChar) for OLED_ShowChar
    oled.o(i.OLED_ShowString) refers to oled.o(i.OLED_ShowChar) for OLED_ShowChar
    oled.o(i.OLED_WR_Byte) refers to stm32l1xx_hal_gpio.o(i.HAL_GPIO_WritePin) for HAL_GPIO_WritePin
    key.o(i.key_even) refers to stm32l1xx_hal_gpio.o(i.HAL_GPIO_ReadPin) for HAL_GPIO_ReadPin
    key.o(i.key_even) refers to stm32l1xx_hal.o(i.HAL_Delay) for HAL_Delay
    key.o(i.keys_init) refers to stm32l1xx_hal_gpio.o(i.HAL_GPIO_Init) for HAL_GPIO_Init
    user_usart2.o(i.is_has_usart2_data_frame) refers to user_usart2.o(.data) for .data
    user_usart2.o(i.usart2_data_fifo_clean) refers to user_usart2.o(.data) for .data
    user_usart2.o(i.usart2_data_fifo_get) refers to user_usart2.o(.data) for .data
    user_usart2.o(i.usart2_data_fifo_get) refers to user_usart2.o(.bss) for .bss
    user_usart2.o(i.usart2_data_fifo_is_empty) refers to user_usart2.o(.data) for .data
    user_usart2.o(i.usart2_data_fifo_is_full) refers to user_usart2.o(.data) for .data
    user_usart2.o(i.usart2_data_fifo_len) refers to user_usart2.o(.data) for .data
    user_usart2.o(i.usart2_data_fifo_put) refers to user_usart2.o(i.usart2_data_fifo_is_full) for usart2_data_fifo_is_full
    user_usart2.o(i.usart2_data_fifo_put) refers to user_usart2.o(.data) for .data
    user_usart2.o(i.usart2_data_fifo_put) refers to user_usart2.o(.bss) for .bss
    user_usart2.o(i.usart2_data_fifo_read) refers to user_usart2.o(i.usart2_data_fifo_get) for usart2_data_fifo_get
    user_usart2.o(i.usart2_data_fifo_write) refers to user_usart2.o(i.usart2_data_fifo_put) for usart2_data_fifo_put
    user_usart1.o(i.is_has_usart1_data_frame) refers to user_usart1.o(.data) for .data
    user_usart1.o(i.usart1_data_fifo_clean) refers to user_usart1.o(.data) for .data
    user_usart1.o(i.usart1_data_fifo_get) refers to user_usart1.o(.data) for .data
    user_usart1.o(i.usart1_data_fifo_get) refers to user_usart1.o(.bss) for .bss
[...]
    ../Drivers/STM32L1xx_HAL_Driver/Src/stm32l1xx_hal_gpio.c 0x00000000   Number         0  stm32l1xx_hal_gpio.o ABSOLUTE
    ../Drivers/STM32L1xx_HAL_Driver/Src/stm32l1xx_hal_pwr.c 0x00000000   Number         0  stm32l1xx_hal_pwr.o ABSOLUTE
    ../Drivers/STM32L1xx_HAL_Driver/Src/stm32l1xx_hal_pwr_ex.c 0x00000000   Number         0  stm32l1xx_hal_pwr_ex.o ABSOLUTE
    ../Drivers/STM32L1xx_HAL_Driver/Src/stm32l1xx_hal_rcc.c 0x00000000   Number         0  stm32l1xx_hal_rcc.o ABSOLUTE
    ../Drivers/STM32L1xx_HAL_Driver/Src/stm32l1xx_hal_rcc_ex.c 0x00000000   Number         0  stm32l1xx_hal_rcc_ex.o ABSOLUTE
    ../Drivers/STM32L1xx_HAL_Driver/Src/stm32l1xx_hal_rtc.c 0x00000000   Number         0  stm32l1xx_hal_rtc.o ABSOLUTE
    ../Drivers/STM32L1xx_HAL_Driver/Src/stm32l1xx_hal_rtc_ex.c 0x00000000   Number         0  stm32l1xx_hal_rtc_ex.o ABSOLUTE
    ../Drivers/STM32L1xx_HAL_Driver/Src/stm32l1xx_hal_tim.c 0x00000000   Number         0  stm32l1xx_hal_tim.o ABSOLUTE
    ../Drivers/STM32L1xx_HAL_Driver/Src/stm32l1xx_hal_tim_ex.c 0x00000000   Number         0  stm32l1xx_hal_tim_ex.o ABSOLUTE
    ../Drivers/STM32L1xx_HAL_Driver/Src/stm32l1xx_hal_uart.c 0x00000000   Number         0  stm32l1xx_hal_uart.o ABSOLUTE
    ../Src/main.c                            0x00000000   Number         0  main.o ABSOLUTE
    ../Src/stm32l1xx_hal_msp.c               0x00000000   Number         0  stm32l1xx_hal_msp.o ABSOLUTE
    ../Src/stm32l1xx_it.c                    0x00000000   Number         0  stm32l1xx_it.o ABSOLUTE
    ../Src/system_stm32l1xx.c                0x00000000   Number         0  system_stm32l1xx.o ABSOLUTE
    ../clib/../cmprslib/lz77c.c              0x00000000   Number         0  __dclz77c.o ABSOLUTE
    ../clib/microlib/division.c              0x00000000   Number         0  uldiv.o ABSOLUTE
    ../clib/microlib/division.c              0x00000000   Number         0  uidiv.o ABSOLUTE
    ../clib/microlib/errno.c                 0x00000000   Number         0  errno.o ABSOLUTE
    ../clib/microlib/init/entry.s            0x00000000   Number         0  entry10a.o ABSOLUTE
    ../clib/microlib/init/entry.s            0x00000000   Number         0  entry7a.o ABSOLUTE
    ../clib/microlib/init/entry.s            0x00000000   Number         0  entry5.o ABSOLUTE
    ../clib/microlib/init/entry.s            0x00000000   Number         0  entry11a.o ABSOLUTE
    ../clib/microlib/init/entry.s            0x00000000   Number         0  entry2.o ABSOLUTE
    ../clib/microlib/init/entry.s            0x00000000   Number         0  entry11b.o ABSOLUTE
    ../clib/microlib/init/entry.s            0x00000000   Number         0  entry10b.o ABSOLUTE
    ../clib/microlib/init/entry.s            0x00000000   Number         0  entry9b.o ABSOLUTE
    ../clib/microlib/init/entry.s            0x00000000   Number         0  entry9a.o ABSOLUTE
    ../clib/microlib/init/entry.s            0x00000000   Number         0  entry.o ABSOLUTE
    ../clib/microlib/init/entry.s            0x00000000   Number         0  entry8b.o ABSOLUTE
    ../clib/microlib/init/entry.s            0x00000000   Number         0  entry8a.o ABSOLUTE
    ../clib/microlib/init/entry.s            0x00000000   Number         0  entry7b.o ABSOLUTE
    ../clib/microlib/longlong.c              0x00000000   Number         0  llsshr.o ABSOLUTE
    ../clib/microlib/longlong.c              0x00000000   Number         0  llshl.o ABSOLUTE
    ../clib/microlib/longlong.c              0x00000000   Number         0  llushr.o ABSOLUTE
    ../clib/microlib/printf/printf.c         0x00000000   Number         0  printf4.o ABSOLUTE
    ../clib/microlib/printf/printf.c         0x00000000   Number         0  printf3.o ABSOLUTE
    ../clib/microlib/printf/printf.c         0x00000000   Number         0  printf8.o ABSOLUTE
    ../clib/microlib/printf/printf.c         0x00000000   Number         0  printf2.o ABSOLUTE
    ../clib/microlib/printf/printf.c         0x00000000   Number         0  printfa.o ABSOLUTE
    ../clib/microlib/printf/printf.c         0x00000000   Number         0  printf0.o ABSOLUTE
    ../clib/microlib/printf/printf.c         0x00000000   Number         0  printf1.o ABSOLUTE
    ../clib/microlib/printf/printf.c         0x00000000   Number         0  printfb.o ABSOLUTE
    ../clib/microlib/printf/printf.c         0x00000000   Number         0  printf7.o ABSOLUTE
    ../clib/microlib/printf/printf.c         0x00000000   Number         0  printf6.o ABSOLUTE
    ../clib/microlib/printf/printf.c         0x00000000   Number         0  printf5.o ABSOLUTE
    ../clib/microlib/printf/stubs.s          0x00000000   Number         0  stubs.o ABSOLUTE
    ../clib/microlib/stdio/streams.c         0x00000000   Number         0  stdout.o ABSOLUTE
    ../clib/microlib/string/memset.c         0x00000000   Number         0  memseta.o ABSOLUTE
    ../clib/microlib/string/strlen.c         0x00000000   Number         0  strlen.o ABSOLUTE
    ../clib/microlib/string/strstr.c         0x00000000   Number         0  strstr.o ABSOLUTE
    ../clib/microlib/stubs.s                 0x00000000   Number         0  iusefp.o ABSOLUTE
    ../fplib/microlib/d2f.c                  0x00000000   Number         0  d2f.o ABSOLUTE
    ../fplib/microlib/f2d.c                  0x00000000   Number         0  f2d.o ABSOLUTE
    ../fplib/microlib/fpadd.c                0x00000000   Number         0  dadd.o ABSOLUTE
    ../fplib/microlib/fpadd.c                0x00000000   Number         0  fadd.o ABSOLUTE
    ../fplib/microlib/fpdiv.c                0x00000000   Number         0  fdiv.o ABSOLUTE
    ../fplib/microlib/fpdiv.c                0x00000000   Number         0  ddiv.o ABSOLUTE
    ../fplib/microlib/fpepilogue.c           0x00000000   Number         0  fepilogue.o ABSOLUTE
    ../fplib/microlib/fpepilogue.c           0x00000000   Number         0  depilogue.o ABSOLUTE
    ../fplib/microlib/fpfix.c                0x00000000   Number         0  ffixi.o ABSOLUTE
    ../fplib/microlib/fpfix.c                0x00000000   Number         0  dfixul.o ABSOLUTE
    ../fplib/microlib/fpflt.c                0x00000000   Number         0  ffltui.o ABSOLUTE
    ../fplib/microlib/fpflt.c                0x00000000   Number         0  dflti.o ABSOLUTE
    ../fplib/microlib/fpmul.c                0x00000000   Number         0  dmul.o ABSOLUTE
    ../fplib/microlib/fpscalb.c              0x00000000   Number         0  dscalb.o ABSOLUTE
    ../fplib/microlib/fpsqrt.c               0x00000000   Number         0  dsqrt.o ABSOLUTE
    ../mathlib/dunder.c                      0x00000000   Number         0  dunder.o ABSOLUTE
    ../mathlib/fpclassify.c                  0x00000000   Number         0  fpclassify.o ABSOLUTE
    ../mathlib/log.c                         0x00000000   Number         0  log.o ABSOLUTE
    ../mathlib/log.c                         0x00000000   Number         0  log_x.o ABSOLUTE
    ../mathlib/log10.c                       0x00000000   Number         0  log10_x.o ABSOLUTE
    ../mathlib/log10.c                       0x00000000   Number         0  log10.o ABSOLUTE
    ../mathlib/poly.c                        0x00000000   Number         0  poly.o ABSOLUTE
    ../mathlib/pow.c                         0x00000000   Number         0  pow_x.o ABSOLUTE
    ../mathlib/pow.c                         0x00000000   Number         0  pow.o ABSOLUTE
    ../mathlib/qnan.c                        0x00000000   Number         0  qnan.o ABSOLUTE
    ../mathlib/sqrt.c                        0x00000000   Number         0  sqrt.o ABSOLUTE
    ../mathlib/sqrt.c                        0x00000000   Number         0  sqrt_x.o ABSOLUTE
    ..\Drivers\STM32L1xx_HAL_Driver\Src\stm32l1xx_hal.c 0x00000000   Number         0  stm32l1xx_hal.o ABSOLUTE
    ..\Drivers\STM32L1xx_HAL_Driver\Src\stm32l1xx_hal_adc.c 0x00000000   Number         0  stm32l1xx_hal_adc.o ABSOLUTE
    ..\Drivers\STM32L1xx_HAL_Driver\Src\stm32l1xx_hal_adc_ex.c 0x00000000   Number         0  stm32l1xx_hal_adc_ex.o ABSOLUTE
    ..\Drivers\STM32L1xx_HAL_Driver\Src\stm32l1xx_hal_cortex.c 0x00000000   Number         0  stm32l1xx_hal_cortex.o ABSOLUTE
    ..\Drivers\STM32L1xx_HAL_Driver\Src\stm32l1xx_hal_dma.c 0x00000000   Number         0  stm32l1xx_hal_dma.o ABSOLUTE
    ..\Drivers\STM32L1xx_HAL_Driver\Src\stm32l1xx_hal_flash.c 0x00000000   Number         0  stm32l1xx_hal_flash.o ABSOLUTE
    ..\Drivers\STM32L1xx_HAL_Driver\Src\stm32l1xx_hal_flash_ex.c 0x00000000   Number         0  stm32l1xx_hal_flash_ex.o ABSOLUTE
    ..\Drivers\STM32L1xx_HAL_Driver\Src\stm32l1xx_hal_flash_ramfunc.c 0x00000000   Number         0  stm32l1xx_hal_flash_ramfunc.o ABSOLUTE
    ..\Drivers\STM32L1xx_HAL_Driver\Src\stm32l1xx_hal_gpio.c 0x00000000   Number         0  stm32l1xx_hal_gpio.o ABSOLUTE
    ..\Drivers\STM32L1xx_HAL_Driver\Src\stm32l1xx_hal_pwr.c 0x00000000   Number         0  stm32l1xx_hal_pwr.o ABSOLUTE
    ..\Drivers\STM32L1xx_HAL_Driver\Src\stm32l1xx_hal_pwr_ex.c 0x00000000   Number         0  stm32l1xx_hal_pwr_ex.o ABSOLUTE
    ..\Drivers\STM32L1xx_HAL_Driver\Src\stm32l1xx_hal_rcc.c 0x00000000   Number         0  stm32l1xx_hal_rcc.o ABSOLUTE
    ..\Drivers\STM32L1xx_HAL_Driver\Src\stm32l1xx_hal_rcc_ex.c 0x00000000   Number         0  stm32l1xx_hal_rcc_ex.o ABSOLUTE
    ..\Drivers\STM32L1xx_HAL_Driver\Src\stm32l1xx_hal_rtc.c 0x00000000   Number         0  stm32l1xx_hal_rtc.o ABSOLUTE
    ..\Drivers\STM32L1xx_HAL_Driver\Src\stm32l1xx_hal_rtc_ex.c 0x00000000   Number         0  stm32l1xx_hal_rtc_ex.o ABSOLUTE
    ..\Drivers\STM32L1xx_HAL_Driver\Src\stm32l1xx_hal_tim.c 0x00000000   Number         0  stm32l1xx_hal_tim.o ABSOLUTE
    ..\Drivers\STM32L1xx_HAL_Driver\Src\stm32l1xx_hal_tim_ex.c 0x00000000   Number         0  stm32l1xx_hal_tim_ex.o ABSOLUTE
    ..\Drivers\STM32L1xx_HAL_Driver\Src\stm32l1xx_hal_uart.c 0x00000000   Number         0  stm32l1xx_hal_uart.o ABSOLUTE
    ..\Src\main.c                            0x00000000   Number         0  main.o ABSOLUTE
    ..\Src\stm32l1xx_hal_msp.c               0x00000000   Number         0  stm32l1xx_hal_msp.o ABSOLUTE
    ..\Src\stm32l1xx_it.c                    0x00000000   Number         0  stm32l1xx_it.o ABSOLUTE
    ..\Src\system_stm32l1xx.c                0x00000000   Number         0  system_stm32l1xx.o ABSOLUTE
    ..\Src\user_cloud.c                      0x00000000   Number         0  user_cloud.o ABSOLUTE
    ..\Src\user_oled.c                       0x00000000   Number         0  user_oled.o ABSOLUTE
    ..\Src\user_rtc.c                        0x00000000   Number         0  user_rtc.o ABSOLUTE
    ..\Src\user_usart1.c                     0x00000000   Number         0  user_usart1.o ABSOLUTE
    ..\Src\user_usart2.c                     0x00000000   Number         0  user_usart2.o ABSOLUTE
    ..\\Src\\user_cloud.c                    0x00000000   Number         0  user_cloud.o ABSOLUTE
    ..\\Src\\user_oled.c                     0x00000000   Number         0  user_oled.o ABSOLUTE
    ..\\Src\\user_rtc.c                      0x00000000   Number         0  user_rtc.o ABSOLUTE
    ..\\Src\\user_usart1.c                   0x00000000   Number         0  user_usart1.o ABSOLUTE
    ..\\Src\\user_usart2.c                   0x00000000   Number         0  user_usart2.o ABSOLUTE
    ..\\key\\key.c                           0x00000000   Number         0  key.o ABSOLUTE
    ..\\oled\\oled.c                         0x00000000   Number         0  oled.o ABSOLUTE
    ..\key\key.c                             0x00000000   Number         0  key.o ABSOLUTE
    ..\oled\oled.c                           0x00000000   Number         0  oled.o ABSOLUTE
    cdcmple.s                                0x00000000   Number         0  cdcmple.o ABSOLUTE
    cdrcmple.s                               0x00000000   Number         0  cdrcmple.o ABSOLUTE
    dc.s                                     0x00000000   Number         0  dc.o ABSOLUTE
    handlers.s                               0x00000000   Number         0  handlers.o ABSOLUTE
    init.s                                   0x00000000   Number         0  init.o ABSOLUTE
    startup_stm32l151xb.s                    0x00000000   Number         0  startup_stm32l151xb.o ABSOLUTE
    RESET                                    0x08000000   Section      244  startup_stm32l151xb.o(RESET)
    .ARM.Collect$$$$00000000                 0x080000f4   Section        0  entry.o(.ARM.Collect$$$$00000000)
    .ARM.Collect$$$$00000001                 0x080000f4   Section        4  entry2.o(.ARM.Collect$$$$00000001)
    .ARM.Collect$$$$00000004                 0x080000f8   Section        4  entry5.o(.ARM.Collect$$$$00000004)
    .ARM.Collect$$$$00000008                 0x080000fc   Section        0  entry7b.o(.ARM.Collect$$$$00000008)
    .ARM.Collect$$$$0000000A                 0x080000fc   Section        0  entry8b.o(.ARM.Collect$$$$0000000A)
    .ARM.Collect$$$$0000000B                 0x080000fc   Section        8  entry9a.o(.ARM.Collect$$$$0000000B)
    .ARM.Collect$$$$0000000D                 0x08000104   Section        0  entry10a.o(.ARM.Collect$$$$0000000D)
    .ARM.Collect$$$$0000000F                 0x08000104   Section        0  entry11a.o(.ARM.Collect$$$$0000000F)
    .ARM.Collect$$$$00002712                 0x08000104   Section        4  entry2.o(.ARM.Collect$$$$00002712)
    __lit__00000000                          0x08000104   Data           4  entry2.o(.ARM.Collect$$$$00002712)
    .text                                    0x08000108   Section       36  startup_stm32l151xb.o(.text)
    .text                                    0x0800012c   Section        0  memseta.o(.text)
    .text                                    0x08000150   Section        0  strstr.o(.text)
    .text                                    0x08000174   Section        0  strlen.o(.text)
    .text                                    0x08000182   Section        0  fadd.o(.text)
    .text                                    0x08000232   Section        0  fdiv.o(.text)
    .text                                    0x080002ae   Section        0  dadd.o(.text)
    .text                                    0x080003fc   Section        0  dmul.o(.text)
    .text                                    0x080004e0   Section        0  ddiv.o(.text)
    .text                                    0x080005be   Section        0  dscalb.o(.text)
    .text                                    0x080005ec   Section        0  ffltui.o(.text)
    .text                                    0x080005f6   Section        0  ffixi.o(.text)
    .text                                    0x08000628   Section        0  f2d.o(.text)
    .text                                    0x0800064e   Section        0  d2f.o(.text)
    .text                                    0x08000686   Section        0  uidiv.o(.text)
    .text                                    0x080006b2   Section        0  uldiv.o(.text)
    .text                                    0x08000714   Section        0  llshl.o(.text)
    .text                                    0x08000732   Section        0  llsshr.o(.text)
    .text                                    0x08000756   Section        0  iusefp.o(.text)
    .text                                    0x08000756   Section        0  fepilogue.o(.text)
    .text                                    0x080007c4   Section        0  depilogue.o(.text)
    .text                                    0x0800087e   Section        0  dflti.o(.text)
    .text                                    0x080008a0   Section        0  dfixul.o(.text)
    .text                                    0x080008d0   Section       48  cdrcmple.o(.text)
    .text                                    0x08000900   Section       36  init.o(.text)
    .text                                    0x08000924   Section        0  llushr.o(.text)
    .text                                    0x08000944   Section        0  dsqrt.o(.text)
    .text                                    0x080009e8   Section       48  cdcmple.o(.text)
    .text                                    0x08000a18   Section        0  __dclz77c.o(.text)
    i.ADC_ConversionStop_Disable             0x08000a78   Section        0  stm32l1xx_hal_adc.o(i.ADC_ConversionStop_Disable)
    i.ADC_Enable                             0x08000ac4   Section        0  stm32l1xx_hal_adc.o(i.ADC_Enable)
    i.BusFault_Handler                       0x08000b38   Section        0  stm32l1xx_it.o(i.BusFault_Handler)
    i.DebugMon_Handler                       0x08000b3a   Section        0  stm32l1xx_it.o(i.DebugMon_Handler)
    i.HAL_ADC_ConfigChannel                  0x08000b3c   Section        0  stm32l1xx_hal_adc.o(i.HAL_ADC_ConfigChannel)
    i.HAL_ADC_GetValue                       0x08000c84   Section        0  stm32l1xx_hal_adc.o(i.HAL_ADC_GetValue)
    i.HAL_ADC_Init                           0x08000c8c   Section        0  stm32l1xx_hal_adc.o(i.HAL_ADC_Init)
    i.HAL_ADC_MspInit                        0x08000e28   Section        0  stm32l1xx_hal_msp.o(i.HAL_ADC_MspInit)
    i.HAL_ADC_PollForConversion              0x08000e88   Section        0  stm32l1xx_hal_adc.o(i.HAL_ADC_PollForConversion)
    i.HAL_ADC_Start                          0x08000f2e   Section        0  stm32l1xx_hal_adc.o(i.HAL_ADC_Start)
    i.HAL_ADC_Stop                           0x08000fa4   Section        0  stm32l1xx_hal_adc.o(i.HAL_ADC_Stop)
    i.HAL_Delay                              0x08000fd8   Section        0  stm32l1xx_hal.o(i.HAL_Delay)
    i.HAL_GPIO_Init                          0x08000ff0   Section        0  stm32l1xx_hal_gpio.o(i.HAL_GPIO_Init)
    i.HAL_GPIO_ReadPin                       0x0800117c   Section        0  stm32l1xx_hal_gpio.o(i.HAL_GPIO_ReadPin)
    i.HAL_GPIO_WritePin                      0x08001186   Section        0  stm32l1xx_hal_gpio.o(i.HAL_GPIO_WritePin)
    i.HAL_GetTick                            0x08001190   Section        0  stm32l1xx_hal.o(i.HAL_GetTick)
    i.HAL_IncTick                            0x0800119c   Section        0  stm32l1xx_hal.o(i.HAL_IncTick)
    i.HAL_Init                               0x080011ac   Section        0  stm32l1xx_hal.o(i.HAL_Init)
    i.HAL_InitTick                           0x080011c4   Section        0  stm32l1xx_hal.o(i.HAL_InitTick)
    i.HAL_MspInit                            0x080011ec   Section        0  stm32l1xx_hal_msp.o(i.HAL_MspInit)
    i.HAL_NVIC_EnableIRQ                     0x08001228   Section        0  stm32l1xx_hal_cortex.o(i.HAL_NVIC_EnableIRQ)
    i.HAL_NVIC_SetPriority                   0x08001240   Section        0  stm32l1xx_hal_cortex.o(i.HAL_NVIC_SetPriority)
    i.HAL_NVIC_SetPriorityGrouping           0x08001280   Section        0  stm32l1xx_hal_cortex.o(i.HAL_NVIC_SetPriorityGrouping)
    i.HAL_RCCEx_PeriphCLKConfig              0x080012a4   Section        0  stm32l1xx_hal_rcc_ex.o(i.HAL_RCCEx_PeriphCLKConfig)
    i.HAL_RCC_ClockConfig                    0x0800140c   Section        0  stm32l1xx_hal_rcc.o(i.HAL_RCC_ClockConfig)
    i.HAL_RCC_GetPCLK1Freq                   0x080015e0   Section        0  stm32l1xx_hal_rcc.o(i.HAL_RCC_GetPCLK1Freq)
    i.HAL_RCC_GetPCLK2Freq                   0x08001610   Section        0  stm32l1xx_hal_rcc.o(i.HAL_RCC_GetPCLK2Freq)
    i.HAL_RCC_GetSysClockFreq                0x08001640   Section        0  stm32l1xx_hal_rcc.o(i.HAL_RCC_GetSysClockFreq)
    i.HAL_RCC_OscConfig                      0x080016cc   Section        0  stm32l1xx_hal_rcc.o(i.HAL_RCC_OscConfig)
    i.HAL_RTC_GetDate                        0x08001e1c   Section        0  stm32l1xx_hal_rtc.o(i.HAL_RTC_GetDate)
    i.HAL_RTC_GetTime                        0x08001e60   Section        0  stm32l1xx_hal_rtc_ex.o(i.HAL_RTC_GetTime)
    i.HAL_RTC_Init                           0x08001ea8   Section        0  stm32l1xx_hal_rtc.o(i.HAL_RTC_Init)
    i.HAL_RTC_MspInit                        0x08001f44   Section        0  stm32l1xx_hal_msp.o(i.HAL_RTC_MspInit)
    i.HAL_RTC_SetDate                        0x08001f6c   Section        0  stm32l1xx_hal_rtc.o(i.HAL_RTC_SetDate)
    i.HAL_RTC_SetTime                        0x08002034   Section        0  stm32l1xx_hal_rtc.o(i.HAL_RTC_SetTime)
    i.HAL_RTC_WaitForSynchro                 0x0800211c   Section        0  stm32l1xx_hal_rtc_ex.o(i.HAL_RTC_WaitForSynchro)
    i.HAL_SYSTICK_Config                     0x08002152   Section        0  stm32l1xx_hal_cortex.o(i.HAL_SYSTICK_Config)
    i.HAL_UART_ErrorCallback                 0x0800217c   Section        0  main.o(i.HAL_UART_ErrorCallback)
    i.HAL_UART_IRQHandler                    0x080021cc   Section        0  stm32l1xx_hal_uart.o(i.HAL_UART_IRQHandler)
    i.HAL_UART_Init                          0x080022a6   Section        0  stm32l1xx_hal_uart.o(i.HAL_UART_Init)
    i.HAL_UART_MspInit                       0x08002304   Section        0  stm32l1xx_hal_msp.o(i.HAL_UART_MspInit)
    i.HAL_UART_Receive_IT                    0x080023bc   Section        0  stm32l1xx_hal_uart.o(i.HAL_UART_Receive_IT)
    i.HAL_UART_RxCpltCallback                0x08002428   Section        0  main.o(i.HAL_UART_RxCpltCallback)
    i.HAL_UART_Transmit                      0x08002470   Section        0  stm32l1xx_hal_uart.o(i.HAL_UART_Transmit)
    i.HAL_UART_TxCpltCallback                0x0800253c   Section        0  stm32l1xx_hal_uart.o(i.HAL_UART_TxCpltCallback)
    i.HardFault_Handler                      0x0800253e   Section        0  stm32l1xx_it.o(i.HardFault_Handler)
    i.MX_ADC_Init                            0x08002540   Section        0  main.o(i.MX_ADC_Init)
    MX_ADC_Init                              0x08002541   Thumb Code    68  main.o(i.MX_ADC_Init)
    i.MX_RTC_Init                            0x0800258c   Section        0  main.o(i.MX_RTC_Init)
    MX_RTC_Init                              0x0800258d   Thumb Code    94  main.o(i.MX_RTC_Init)
    i.MemManage_Handler                      0x080025f4   Section        0  stm32l1xx_it.o(i.MemManage_Handler)
    i.NMI_Handler                            0x080025f6   Section        0  stm32l1xx_it.o(i.NMI_Handler)
    i.NVIC_SetPriority                       0x080025f8   Section        0  stm32l1xx_hal_cortex.o(i.NVIC_SetPriority)
    NVIC_SetPriority                         0x080025f9   Thumb Code    32  stm32l1xx_hal_cortex.o(i.NVIC_SetPriority)
    i.OLED_Clear                             0x08002618   Section        0  oled.o(i.OLED_Clear)
    i.OLED_Init                              0x08002654   Section        0  oled.o(i.OLED_Init)
    i.OLED_Set_Pos                           0x080027ec   Section        0  oled.o(i.OLED_Set_Pos)
    i.OLED_ShowCHinese                       0x08002818   Section        0  oled.o(i.OLED_ShowCHinese)
    i.OLED_ShowChar                          0x08002868   Section        0  oled.o(i.OLED_ShowChar)
    i.OLED_ShowString                        0x080028cc   Section        0  oled.o(i.OLED_ShowString)
    i.OLED_WR_Byte                           0x08002900   Section        0  oled.o(i.OLED_WR_Byte)
    i.PendSV_Handler                         0x08002984   Section        0  stm32l1xx_it.o(i.PendSV_Handler)
    i.RCC_SetFlashLatencyFromMSIRange        0x08002988   Section        0  stm32l1xx_hal_rcc.o(i.RCC_SetFlashLatencyFromMSIRange)
    RCC_SetFlashLatencyFromMSIRange          0x08002989   Thumb Code   116  stm32l1xx_hal_rcc.o(i.RCC_SetFlashLatencyFromMSIRange)
    i.RTC_Bcd2ToByte                         0x08002a08   Section        0  stm32l1xx_hal_rtc.o(i.RTC_Bcd2ToByte)
    i.RTC_ByteToBcd2                         0x08002a1a   Section        0  stm32l1xx_hal_rtc.o(i.RTC_ByteToBcd2)
    i.RTC_EnterInitMode                      0x08002a30   Section        0  stm32l1xx_hal_rtc.o(i.RTC_EnterInitMode)
    i.SVC_Handler                            0x08002a6a   Section        0  stm32l1xx_it.o(i.SVC_Handler)
    i.SysTick_Handler                        0x08002a6c   Section        0  stm32l1xx_it.o(i.SysTick_Handler)
    i.SystemClock_Config                     0x08002a70   Section        0  main.o(i.SystemClock_Config)
    i.SystemInit                             0x08002ad8   Section        0  system_stm32l1xx.o(i.SystemInit)
    i.UART_Receive_IT                        0x08002b28   Section        0  stm32l1xx_hal_uart.o(i.UART_Receive_IT)
    UART_Receive_IT                          0x08002b29   Thumb Code   168  stm32l1xx_hal_uart.o(i.UART_Receive_IT)
    i.UART_SetConfig                         0x08002bd0   Section        0  stm32l1xx_hal_uart.o(i.UART_SetConfig)
    UART_SetConfig                           0x08002bd1   Thumb Code   666  stm32l1xx_hal_uart.o(i.UART_SetConfig)
    i.UART_Transmit_IT                       0x08002e70   Section        0  stm32l1xx_hal_uart.o(i.UART_Transmit_IT)
    UART_Transmit_IT                         0x08002e71   Thumb Code   102  stm32l1xx_hal_uart.o(i.UART_Transmit_IT)
    i.UART_WaitOnFlagUntilTimeout            0x08002ed6   Section        0  stm32l1xx_hal_uart.o(i.UART_WaitOnFlagUntilTimeout)
    UART_WaitOnFlagUntilTimeout              0x08002ed7   Thumb Code   146  stm32l1xx_hal_uart.o(i.UART_WaitOnFlagUntilTimeout)
    i.USART1_IRQHandler                      0x08002f68   Section        0  stm32l1xx_it.o(i.USART1_IRQHandler)
    i.USART2_IRQHandler                      0x08002f74   Section        0  stm32l1xx_it.o(i.USART2_IRQHandler)
    i.UsageFault_Handler                     0x08002f80   Section        0  stm32l1xx_it.o(i.UsageFault_Handler)
    i.__0printf                              0x08002f84   Section        0  printfa.o(i.__0printf)
    i.__0sprintf                             0x08002fa4   Section        0  printfa.o(i.__0sprintf)
    i.__0vsprintf                            0x08002fcc   Section        0  printfa.o(i.__0vsprintf)
    i.__ARM_fpclassify                       0x08002ff0   Section        0  fpclassify.o(i.__ARM_fpclassify)
    i.__kernel_poly                          0x08003018   Section        0  poly.o(i.__kernel_poly)
    i.__mathlib_dbl_divzero                  0x080030c4   Section        0  dunder.o(i.__mathlib_dbl_divzero)
    i.__mathlib_dbl_infnan                   0x080030d4   Section        0  dunder.o(i.__mathlib_dbl_infnan)
    i.__mathlib_dbl_infnan2                  0x080030da   Section        0  dunder.o(i.__mathlib_dbl_infnan2)
    i.__mathlib_dbl_invalid                  0x080030de   Section        0  dunder.o(i.__mathlib_dbl_invalid)
    i.__mathlib_dbl_overflow                 0x080030ea   Section        0  dunder.o(i.__mathlib_dbl_overflow)
    i.__mathlib_dbl_underflow                0x080030f8   Section        0  dunder.o(i.__mathlib_dbl_underflow)
    i.__scatterload_copy                     0x08003108   Section       14  handlers.o(i.__scatterload_copy)
    i.__scatterload_null                     0x08003116   Section        2  handlers.o(i.__scatterload_null)
    i.__scatterload_zeroinit                 0x08003118   Section       14  handlers.o(i.__scatterload_zeroinit)
    i.__set_errno                            0x08003128   Section        0  errno.o(i.__set_errno)
    i._fp_digits                             0x08003134   Section        0  printfa.o(i._fp_digits)
    _fp_digits                               0x08003135   Thumb Code   366  printfa.o(i._fp_digits)
    i._printf_core                           0x080032b8   Section        0  printfa.o(i._printf_core)
    _printf_core                             0x080032b9   Thumb Code  1744  printfa.o(i._printf_core)
    i._printf_post_padding                   0x08003994   Section        0  printfa.o(i._printf_post_padding)
    _printf_post_padding                     0x08003995   Thumb Code    36  printfa.o(i._printf_post_padding)
    i._printf_pre_padding                    0x080039b8   Section        0  printfa.o(i._printf_pre_padding)
    _printf_pre_padding                      0x080039b9   Thumb Code    46  printfa.o(i._printf_pre_padding)
    i._sputc                                 0x080039e6   Section        0  printfa.o(i._sputc)
    _sputc                                   0x080039e7   Thumb Code    10  printfa.o(i._sputc)
    i.automatic_mode                         0x080039f0   Section        0  main.o(i.automatic_mode)
    i.control_light                          0x08003a38   Section        0  main.o(i.control_light)
    i.fputc                                  0x08003a64   Section        0  main.o(i.fputc)
    i.get_illumination_value                 0x08003a7c   Section        0  main.o(i.get_illumination_value)
    i.get_time_from_server                   0x08003b18   Section        0  user_cloud.o(i.get_time_from_server)
    i.key_even                               0x08003b2c   Section        0  key.o(i.key_even)
    i.keys_init                              0x08003bd8   Section        0  key.o(i.keys_init)
    i.link_server                            0x08003c44   Section        0  user_cloud.o(i.link_server)
    i.log                                    0x08003c80   Section        0  log.o(i.log)
    i.log10                                  0x08003fdc   Section        0  log10.o(i.log10)
    i.main                                   0x080040c0   Section        0  main.o(i.main)
    i.nb_reset                               0x080042d4   Section        0  user_cloud.o(i.nb_reset)
    i.nbiot_config                           0x080042e8   Section        0  user_cloud.o(i.nbiot_config)
    i.oled_display_connection_status         0x08004388   Section        0  user_oled.o(i.oled_display_connection_status)
    i.oled_display_illumination              0x080043d4   Section        0  user_oled.o(i.oled_display_illumination)
    i.oled_display_information               0x08004418   Section        0  user_oled.o(i.oled_display_information)
    i.oled_display_light_status              0x080044dc   Section        0  user_oled.o(i.oled_display_light_status)
    i.oled_show_mode                         0x080044f4   Section        0  user_oled.o(i.oled_show_mode)
    i.pow                                    0x08004514   Section        0  pow.o(i.pow)
    i.rcv_data_deal                          0x08004eec   Section        0  user_cloud.o(i.rcv_data_deal)
    i.send_AT_command                        0x08005060   Section        0  user_cloud.o(i.send_AT_command)
    i.send_data_to_cloud                     0x080050a0   Section        0  user_cloud.o(i.send_data_to_cloud)
    i.set_DateAndTime                        0x08005174   Section        0  user_rtc.o(i.set_DateAndTime)
    i.sqrt                                   0x080051c0   Section        0  sqrt.o(i.sqrt)
    i.usart1_data_fifo_is_full               0x0800520c   Section        0  user_usart1.o(i.usart1_data_fifo_is_full)
    i.usart1_data_fifo_put                   0x08005224   Section        0  user_usart1.o(i.usart1_data_fifo_put)
    i.usart2_data_fifo_get                   0x0800525c   Section        0  user_usart2.o(i.usart2_data_fifo_get)
    i.usart2_data_fifo_is_full               0x08005294   Section        0  user_usart2.o(i.usart2_data_fifo_is_full)
    i.usart2_data_fifo_len                   0x080052ac   Section        0  user_usart2.o(i.usart2_data_fifo_len)
    i.usart2_data_fifo_put                   0x080052bc   Section        0  user_usart2.o(i.usart2_data_fifo_put)
    i.usart2_data_fifo_read                  0x080052f4   Section        0  user_usart2.o(i.usart2_data_fifo_read)
    i.wait_answer                            0x08005314   Section        0  user_cloud.o(i.wait_answer)
    i.wait_nbiot_start                       0x080053a4   Section        0  user_cloud.o(i.wait_nbiot_start)
    .constdata                               0x08005408   Section     1520  oled.o(.constdata)
    .constdata                               0x080059f8   Section       25  system_stm32l1xx.o(.constdata)
    .constdata                               0x08005a11   Section        8  system_stm32l1xx.o(.constdata)
    .constdata                               0x08005a20   Section      136  pow.o(.constdata)
    bp                                       0x08005a20   Data          16  pow.o(.constdata)
    dp_h                                     0x08005a30   Data          16  pow.o(.constdata)
    dp_l                                     0x08005a40   Data          16  pow.o(.constdata)
    L                                        0x08005a50   Data          48  pow.o(.constdata)
    P                                        0x08005a80   Data          40  pow.o(.constdata)
    .constdata                               0x08005aa8   Section       56  log.o(.constdata)
    Lg2                                      0x08005aa8   Data          24  log.o(.constdata)
    Lg                                       0x08005ac0   Data          32  log.o(.constdata)
    .constdata                               0x08005ae0   Section        8  qnan.o(.constdata)
    .conststring                             0x08005ae8   Section       65  user_cloud.o(.conststring)
    .data                                    0x20000000   Section     1408  oled.o(.data)
    .data                                    0x20000580   Section       12  user_usart2.o(.data)
    .data                                    0x2000058c   Section       12  user_usart1.o(.data)
    .data                                    0x20000598   Section        8  main.o(.data)
    now_ill_value                            0x2000059c   Data           4  main.o(.data)
    .data                                    0x200005a0   Section        4  stm32l1xx_hal.o(.data)
    .data                                    0x200005a4   Section        4  system_stm32l1xx.o(.data)
    .data                                    0x200005a8   Section        4  stdout.o(.data)
    .data                                    0x200005ac   Section        4  errno.o(.data)
    _errno                                   0x200005ac   Data           4  errno.o(.data)
    .bss                                     0x200005b0   Section      128  user_usart2.o(.bss)
    .bss                                     0x20000630   Section      128  user_usart1.o(.bss)
    .bss                                     0x200006b0   Section      128  user_cloud.o(.bss)
    tmp                                      0x200006b0   Data         128  user_cloud.o(.bss)
    .bss                                     0x20000730   Section      244  main.o(.bss)
    STACK                                    0x20000828   Section     1024  startup_stm32l151xb.o(STACK)

    Global Symbols

    Symbol Name                              Value     Ov Type        Size  Object(Section)

    BuildAttributes$$THM_ISAv4$P$D$K$B$S$PE$A:L22UL41UL21$X:L11$S22US41US21$IEEE1$IW$USESV6$~STKCKD$USESV7$~SHL$OTIME$ROPI$IEEEX$EBA8$MICROLIB$REQ8$PRES8$EABIv2 0x00000000   Number         0  anon$$obj.o ABSOLUTE
    __ARM_use_no_argv                        0x00000000   Number         0  main.o ABSOLUTE
    _printf_a                                0x00000000   Number         0  stubs.o ABSOLUTE
    _printf_c                                0x00000000   Number         0  stubs.o ABSOLUTE
    _printf_charcount                        0x00000000   Number         0  stubs.o ABSOLUTE
    _printf_d                                0x00000000   Number         0  stubs.o ABSOLUTE
    _printf_e                                0x00000000   Number         0  stubs.o ABSOLUTE
    _printf_f                                0x00000000   Number         0  stubs.o ABSOLUTE
    _printf_flags                            0x00000000   Number         0  stubs.o ABSOLUTE
    _printf_fp_dec                           0x00000000   Number         0  stubs.o ABSOLUTE
    _printf_fp_hex                           0x00000000   Number         0  stubs.o ABSOLUTE
    _printf_g                                0x00000000   Number         0  stubs.o ABSOLUTE
    _printf_i                                0x00000000   Number         0  stubs.o ABSOLUTE
    _printf_int_dec                          0x00000000   Number         0  stubs.o ABSOLUTE
    _printf_l                                0x00000000   Number         0  stubs.o ABSOLUTE
    _printf_lc                               0x00000000   Number         0  stubs.o ABSOLUTE
    _printf_ll                               0x00000000   Number         0  stubs.o ABSOLUTE
    _printf_lld                              0x00000000   Number         0  stubs.o ABSOLUTE
    _printf_lli                              0x00000000   Number         0  stubs.o ABSOLUTE
    _printf_llo                              0x00000000   Number         0  stubs.o ABSOLUTE
    _printf_llu                              0x00000000   Number         0  stubs.o ABSOLUTE
    _printf_llx                              0x00000000   Number         0  stubs.o ABSOLUTE
    _printf_longlong_dec                     0x00000000   Number         0  stubs.o ABSOLUTE
    _printf_longlong_hex                     0x00000000   Number         0  stubs.o ABSOLUTE
    _printf_longlong_oct                     0x00000000   Number         0  stubs.o ABSOLUTE
    _printf_ls                               0x00000000   Number         0  stubs.o ABSOLUTE
    _printf_mbtowc                           0x00000000   Number         0  stubs.o ABSOLUTE
    _printf_n                                0x00000000   Number         0  stubs.o ABSOLUTE
    _printf_o                                0x00000000   Number         0  stubs.o ABSOLUTE
    _printf_p                                0x00000000   Number         0  stubs.o ABSOLUTE
    _printf_percent                          0x00000000   Number         0  stubs.o ABSOLUTE
    _printf_pre_padding                      0x00000000   Number         0  stubs.o ABSOLUTE
    _printf_return_value                     0x00000000   Number         0  stubs.o ABSOLUTE
    _printf_s                                0x00000000   Number         0  stubs.o ABSOLUTE
    _printf_sizespec                         0x00000000   Number         0  stubs.o ABSOLUTE
    _printf_str                              0x00000000   Number         0  stubs.o ABSOLUTE
    _printf_truncate_signed                  0x00000000   Number         0  stubs.o ABSOLUTE
    _printf_truncate_unsigned                0x00000000   Number         0  stubs.o ABSOLUTE
    _printf_u                                0x00000000   Number         0  stubs.o ABSOLUTE
    _printf_wc                               0x00000000   Number         0  stubs.o ABSOLUTE
    _printf_wctomb                           0x00000000   Number         0  stubs.o ABSOLUTE
    _printf_widthprec                        0x00000000   Number         0  stubs.o ABSOLUTE
    _printf_x                                0x00000000   Number         0  stubs.o ABSOLUTE
    __cpp_initialize__aeabi_                  - Undefined Weak Reference
    __cxa_finalize                            - Undefined Weak Reference
    _clock_init                               - Undefined Weak Reference
    _microlib_exit                            - Undefined Weak Reference
    __Vectors_Size                           0x000000f4   Number         0  startup_stm32l151xb.o ABSOLUTE
    __Vectors                                0x08000000   Data           4  startup_stm32l151xb.o(RESET)
    __Vectors_End                            0x080000f4   Data           0  startup_stm32l151xb.o(RESET)
    __main                                   0x080000f5   Thumb Code     0  entry.o(.ARM.Collect$$$$00000000)
    _main_stk                                0x080000f5   Thumb Code     0  entry2.o(.ARM.Collect$$$$00000001)
    _main_scatterload                        0x080000f9   Thumb Code     0  entry5.o(.ARM.Collect$$$$00000004)
    __main_after_scatterload                 0x080000fd   Thumb Code     0  entry5.o(.ARM.Collect$$$$00000004)
    _main_clock                              0x080000fd   Thumb Code     0  entry7b.o(.ARM.Collect$$$$00000008)
    _main_cpp_init                           0x080000fd   Thumb Code     0  entry8b.o(.ARM.Collect$$$$0000000A)
    _main_init                               0x080000fd   Thumb Code     0  entry9a.o(.ARM.Collect$$$$0000000B)
    __rt_final_cpp                           0x08000105   Thumb Code     0  entry10a.o(.ARM.Collect$$$$0000000D)
    __rt_final_exit                          0x08000105   Thumb Code     0  entry11a.o(.ARM.Collect$$$$0000000F)
    Reset_Handler                            0x08000109   Thumb Code     8  startup_stm32l151xb.o(.text)
    ADC1_IRQHandler                          0x08000123   Thumb Code     0  startup_stm32l151xb.o(.text)
    COMP_IRQHandler                          0x08000123   Thumb Code     0  startup_stm32l151xb.o(.text)
    DAC_IRQHandler                           0x08000123   Thumb Code     0  startup_stm32l151xb.o(.text)
    DMA1_Channel1_IRQHandler                 0x08000123   Thumb Code     0  startup_stm32l151xb.o(.text)
    DMA1_Channel2_IRQHandler                 0x08000123   Thumb Code     0  startup_stm32l151xb.o(.text)
    DMA1_Channel3_IRQHandler                 0x08000123   Thumb Code     0  startup_stm32l151xb.o(.text)
    DMA1_Channel4_IRQHandler                 0x08000123   Thumb Code     0  startup_stm32l151xb.o(.text)
    DMA1_Channel5_IRQHandler                 0x08000123   Thumb Code     0  startup_stm32l151xb.o(.text)
    DMA1_Channel6_IRQHandler                 0x08000123   Thumb Code     0  startup_stm32l151xb.o(.text)
    DMA1_Channel7_IRQHandler                 0x08000123   Thumb Code     0  startup_stm32l151xb.o(.text)
    EXTI0_IRQHandler                         0x08000123   Thumb Code     0  startup_stm32l151xb.o(.text)
    EXTI15_10_IRQHandler                     0x08000123   Thumb Code     0  startup_stm32l151xb.o(.text)
    EXTI1_IRQHandler                         0x08000123   Thumb Code     0  startup_stm32l151xb.o(.text)
    EXTI2_IRQHandler                         0x08000123   Thumb Code     0  startup_stm32l151xb.o(.text)
    EXTI3_IRQHandler                         0x08000123   Thumb Code     0  startup_stm32l151xb.o(.text)
    EXTI4_IRQHandler                         0x08000123   Thumb Code     0  startup_stm32l151xb.o(.text)
    EXTI9_5_IRQHandler                       0x08000123   Thumb Code     0  startup_stm32l151xb.o(.text)
    FLASH_IRQHandler                         0x08000123   Thumb Code     0  startup_stm32l151xb.o(.text)
    I2C1_ER_IRQHandler                       0x08000123   Thumb Code     0  startup_stm32l151xb.o(.text)
    I2C1_EV_IRQHandler                       0x08000123   Thumb Code     0  startup_stm32l151xb.o(.text)
    I2C2_ER_IRQHandler                       0x08000123   Thumb Code     0  startup_stm32l151xb.o(.text)
    I2C2_EV_IRQHandler                       0x08000123   Thumb Code     0  startup_stm32l151xb.o(.text)
    PVD_IRQHandler                           0x08000123   Thumb Code     0  startup_stm32l151xb.o(.text)
    RCC_IRQHandler                           0x08000123   Thumb Code     0  startup_stm32l151xb.o(.text)
    RTC_Alarm_IRQHandler                     0x08000123   Thumb Code     0  startup_stm32l151xb.o(.text)
    RTC_WKUP_IRQHandler                      0x08000123   Thumb Code     0  startup_stm32l151xb.o(.text)
    SPI1_IRQHandler                          0x08000123   Thumb Code     0  startup_stm32l151xb.o(.text)
    SPI2_IRQHandler                          0x08000123   Thumb Code     0  startup_stm32l151xb.o(.text)
    TAMPER_STAMP_IRQHandler                  0x08000123   Thumb Code     0  startup_stm32l151xb.o(.text)
    TIM10_IRQHandler                         0x08000123   Thumb Code     0  startup_stm32l151xb.o(.text)
    TIM11_IRQHandler                         0x08000123   Thumb Code     0  startup_stm32l151xb.o(.text)
    TIM2_IRQHandler                          0x08000123   Thumb Code     0  startup_stm32l151xb.o(.text)
    TIM3_IRQHandler                          0x08000123   Thumb Code     0  startup_stm32l151xb.o(.text)
    TIM4_IRQHandler                          0x08000123   Thumb Code     0  startup_stm32l151xb.o(.text)
    TIM6_IRQHandler                          0x08000123   Thumb Code     0  startup_stm32l151xb.o(.text)
    TIM7_IRQHandler                          0x08000123   Thumb Code     0  startup_stm32l151xb.o(.text)
    TIM9_IRQHandler                          0x08000123   Thumb Code     0  startup_stm32l151xb.o(.text)
    USART3_IRQHandler                        0x08000123   Thumb Code     0  startup_stm32l151xb.o(.text)
    USB_FS_WKUP_IRQHandler                   0x08000123   Thumb Code     0  startup_stm32l151xb.o(.text)
    USB_HP_IRQHandler                        0x08000123   Thumb Code     0  startup_stm32l151xb.o(.text)
    USB_LP_IRQHandler                        0x08000123   Thumb Code     0  startup_stm32l151xb.o(.text)
    WWDG_IRQHandler                          0x08000123   Thumb Code     0  startup_stm32l151xb.o(.text)
    __aeabi_memset                           0x0800012d   Thumb Code    14  memseta.o(.text)
    __aeabi_memset4                          0x0800012d   Thumb Code     0  memseta.o(.text)
    __aeabi_memset8                          0x0800012d   Thumb Code     0  memseta.o(.text)
    __aeabi_memclr                           0x0800013b   Thumb Code     4  memseta.o(.text)
    __aeabi_memclr4                          0x0800013b   Thumb Code     0  memseta.o(.text)
    __aeabi_memclr8                          0x0800013b   Thumb Code     0  memseta.o(.text)
    _memset$wrapper                          0x0800013f   Thumb Code    18  memseta.o(.text)
    strstr                                   0x08000151   Thumb Code    36  strstr.o(.text)
    strlen                                   0x08000175   Thumb Code    14  strlen.o(.text)
    __aeabi_fadd                             0x08000183   Thumb Code   164  fadd.o(.text)
    __aeabi_fsub                             0x08000227   Thumb Code     6  fadd.o(.text)
    __aeabi_frsub                            0x0800022d   Thumb Code     6  fadd.o(.text)
    __aeabi_fdiv                             0x08000233   Thumb Code   124  fdiv.o(.text)
    __aeabi_dadd                             0x080002af   Thumb Code   322  dadd.o(.text)
    __aeabi_dsub                             0x080003f1   Thumb Code     6  dadd.o(.text)
    __aeabi_drsub                            0x080003f7   Thumb Code     6  dadd.o(.text)
    __aeabi_dmul                             0x080003fd   Thumb Code   228  dmul.o(.text)
    __aeabi_ddiv                             0x080004e1   Thumb Code   222  ddiv.o(.text)
    __ARM_scalbn                             0x080005bf   Thumb Code    46  dscalb.o(.text)
    scalbn                                   0x080005bf   Thumb Code     0  dscalb.o(.text)
    __aeabi_ui2f                             0x080005ed   Thumb Code    10  ffltui.o(.text)
    __aeabi_f2iz                             0x080005f7   Thumb Code    50  ffixi.o(.text)
    __aeabi_f2d                              0x08000629   Thumb Code    38  f2d.o(.text)
    __aeabi_d2f                              0x0800064f   Thumb Code    56  d2f.o(.text)
    __aeabi_uidiv                            0x08000687   Thumb Code     0  uidiv.o(.text)
    __aeabi_uidivmod                         0x08000687   Thumb Code    44  uidiv.o(.text)
    __aeabi_uldivmod                         0x080006b3   Thumb Code    98  uldiv.o(.text)
    __aeabi_llsl                             0x08000715   Thumb Code    30  llshl.o(.text)
    _ll_shift_l                              0x08000715   Thumb Code     0  llshl.o(.text)
    __aeabi_lasr                             0x08000733   Thumb Code    36  llsshr.o(.text)
    _ll_sshift_r                             0x08000733   Thumb Code     0  llsshr.o(.text)
    __I$use$fp                               0x08000757   Thumb Code     0  iusefp.o(.text)
    _float_round                             0x08000757   Thumb Code    18  fepilogue.o(.text)
    _float_epilogue                          0x08000769   Thumb Code    92  fepilogue.o(.text)
    _double_round                            0x080007c5   Thumb Code    30  depilogue.o(.text)
    _double_epilogue                         0x080007e3   Thumb Code   156  depilogue.o(.text)
    __aeabi_i2d                              0x0800087f   Thumb Code    34  dflti.o(.text)
    __aeabi_d2ulz                            0x080008a1   Thumb Code    48  dfixul.o(.text)
    __aeabi_cdrcmple                         0x080008d1   Thumb Code    48  cdrcmple.o(.text)
    __scatterload                            0x08000901   Thumb Code    28  init.o(.text)
    __scatterload_rt2                        0x08000901   Thumb Code     0  init.o(.text)
    __aeabi_llsr                             0x08000925   Thumb Code    32  llushr.o(.text)
    _ll_ushift_r                             0x08000925   Thumb Code     0  llushr.o(.text)
    _dsqrt                                   0x08000945   Thumb Code   162  dsqrt.o(.text)
    __aeabi_cdcmpeq                          0x080009e9   Thumb Code     0  cdcmple.o(.text)
    __aeabi_cdcmple                          0x080009e9   Thumb Code    48  cdcmple.o(.text)
    __decompress                             0x08000a19   Thumb Code     0  __dclz77c.o(.text)
    __decompress2                            0x08000a19   Thumb Code    94  __dclz77c.o(.text)
    ADC_ConversionStop_Disable               0x08000a79   Thumb Code    76  stm32l1xx_hal_adc.o(i.ADC_ConversionStop_Disable)
    ADC_Enable                               0x08000ac5   Thumb Code   108  stm32l1xx_hal_adc.o(i.ADC_Enable)
    BusFault_Handler                         0x08000b39   Thumb Code     2  stm32l1xx_it.o(i.BusFault_Handler)
    DebugMon_Handler                         0x08000b3b   Thumb Code     2  stm32l1xx_it.o(i.DebugMon_Handler)
    HAL_ADC_ConfigChannel                    0x08000b3d   Thumb Code   316  stm32l1xx_hal_adc.o(i.HAL_ADC_ConfigChannel)
    HAL_ADC_GetValue                         0x08000c85   Thumb Code     6  stm32l1xx_hal_adc.o(i.HAL_ADC_GetValue)
    HAL_ADC_Init                             0x08000c8d   Thumb Code   390  stm32l1xx_hal_adc.o(i.HAL_ADC_Init)
    HAL_ADC_MspInit                          0x08000e29   Thumb Code    84  stm32l1xx_hal_msp.o(i.HAL_ADC_MspInit)
    HAL_ADC_PollForConversion                0x08000e89   Thumb Code   166  stm32l1xx_hal_adc.o(i.HAL_ADC_PollForConversion)
    HAL_ADC_Start                            0x08000f2f   Thumb Code   118  stm32l1xx_hal_adc.o(i.HAL_ADC_Start)
    HAL_ADC_Stop                             0x08000fa5   Thumb Code    52  stm32l1xx_hal_adc.o(i.HAL_ADC_Stop)
    HAL_Delay                                0x08000fd9   Thumb Code    22  stm32l1xx_hal.o(i.HAL_Delay)
    HAL_GPIO_Init                            0x08000ff1   Thumb Code   364  stm32l1xx_hal_gpio.o(i.HAL_GPIO_Init)
    HAL_GPIO_ReadPin                         0x0800117d   Thumb Code    10  stm32l1xx_hal_gpio.o(i.HAL_GPIO_ReadPin)
    HAL_GPIO_WritePin                        0x08001187   Thumb Code    10  stm32l1xx_hal_gpio.o(i.HAL_GPIO_WritePin)
    HAL_GetTick                              0x08001191   Thumb Code     6  stm32l1xx_hal.o(i.HAL_GetTick)
    HAL_IncTick                              0x0800119d   Thumb Code    10  stm32l1xx_hal.o(i.HAL_IncTick)
    HAL_Init                                 0x080011ad   Thumb Code    22  stm32l1xx_hal.o(i.HAL_Init)
    HAL_InitTick                             0x080011c5   Thumb Code    34  stm32l1xx_hal.o(i.HAL_InitTick)
    HAL_MspInit                              0x080011ed   Thumb Code    56  stm32l1xx_hal_msp.o(i.HAL_MspInit)
    HAL_NVIC_EnableIRQ                       0x08001229   Thumb Code    22  stm32l1xx_hal_cortex.o(i.HAL_NVIC_EnableIRQ)
    HAL_NVIC_SetPriority                     0x08001241   Thumb Code    60  stm32l1xx_hal_cortex.o(i.HAL_NVIC_SetPriority)
    HAL_NVIC_SetPriorityGrouping             0x08001281   Thumb Code    26  stm32l1xx_hal_cortex.o(i.HAL_NVIC_SetPriorityGrouping)
    HAL_RCCEx_PeriphCLKConfig                0x080012a5   Thumb Code   348  stm32l1xx_hal_rcc_ex.o(i.HAL_RCCEx_PeriphCLKConfig)
    HAL_RCC_ClockConfig                      0x0800140d   Thumb Code   450  stm32l1xx_hal_rcc.o(i.HAL_RCC_ClockConfig)
    HAL_RCC_GetPCLK1Freq                     0x080015e1   Thumb Code    34  stm32l1xx_hal_rcc.o(i.HAL_RCC_GetPCLK1Freq)
    HAL_RCC_GetPCLK2Freq                     0x08001611   Thumb Code    34  stm32l1xx_hal_rcc.o(i.HAL_RCC_GetPCLK2Freq)
    HAL_RCC_GetSysClockFreq                  0x08001641   Thumb Code   122  stm32l1xx_hal_rcc.o(i.HAL_RCC_GetSysClockFreq)
    HAL_RCC_OscConfig                        0x080016cd   Thumb Code  1860  stm32l1xx_hal_rcc.o(i.HAL_RCC_OscConfig)
    HAL_RTC_GetDate                          0x08001e1d   Thumb Code    62  stm32l1xx_hal_rtc.o(i.HAL_RTC_GetDate)
    HAL_RTC_GetTime                          0x08001e61   Thumb Code    66  stm32l1xx_hal_rtc_ex.o(i.HAL_RTC_GetTime)
    HAL_RTC_Init                             0x08001ea9   Thumb Code   150  stm32l1xx_hal_rtc.o(i.HAL_RTC_Init)
    HAL_RTC_MspInit                          0x08001f45   Thumb Code    32  stm32l1xx_hal_msp.o(i.HAL_RTC_MspInit)
    HAL_RTC_SetDate                          0x08001f6d   Thumb Code   196  stm32l1xx_hal_rtc.o(i.HAL_RTC_SetDate)
    HAL_RTC_SetTime                          0x08002035   Thumb Code   228  stm32l1xx_hal_rtc.o(i.HAL_RTC_SetTime)
    HAL_RTC_WaitForSynchro                   0x0800211d   Thumb Code    54  stm32l1xx_hal_rtc_ex.o(i.HAL_RTC_WaitForSynchro)
    HAL_SYSTICK_Config                       0x08002153   Thumb Code    40  stm32l1xx_hal_cortex.o(i.HAL_SYSTICK_Config)
    HAL_UART_ErrorCallback                   0x0800217d   Thumb Code    54  main.o(i.HAL_UART_ErrorCallback)
    HAL_UART_IRQHandler                      0x080021cd   Thumb Code   218  stm32l1xx_hal_uart.o(i.HAL_UART_IRQHandler)
    HAL_UART_Init                            0x080022a7   Thumb Code    94  stm32l1xx_hal_uart.o(i.HAL_UART_Init)
    HAL_UART_MspInit                         0x08002305   Thumb Code   168  stm32l1xx_hal_msp.o(i.HAL_UART_MspInit)
    HAL_UART_Receive_IT                      0x080023bd   Thumb Code   106  stm32l1xx_hal_uart.o(i.HAL_UART_Receive_IT)
    HAL_UART_RxCpltCallback                  0x08002429   Thumb Code    62  main.o(i.HAL_UART_RxCpltCallback)
    HAL_UART_Transmit                        0x08002471   Thumb Code   204  stm32l1xx_hal_uart.o(i.HAL_UART_Transmit)
    HAL_UART_TxCpltCallback                  0x0800253d   Thumb Code     2  stm32l1xx_hal_uart.o(i.HAL_UART_TxCpltCallback)
    HardFault_Handler                        0x0800253f   Thumb Code     2  stm32l1xx_it.o(i.HardFault_Handler)
    MemManage_Handler                        0x080025f5   Thumb Code     2  stm32l1xx_it.o(i.MemManage_Handler)
    NMI_Handler                              0x080025f7   Thumb Code     2  stm32l1xx_it.o(i.NMI_Handler)
    OLED_Clear                               0x08002619   Thumb Code    60  oled.o(i.OLED_Clear)
    OLED_Init                                0x08002655   Thumb Code   400  oled.o(i.OLED_Init)
    OLED_Set_Pos                             0x080027ed   Thumb Code    44  oled.o(i.OLED_Set_Pos)
    OLED_ShowCHinese                         0x08002819   Thumb Code    74  oled.o(i.OLED_ShowCHinese)
    OLED_ShowChar                            0x08002869   Thumb Code    94  oled.o(i.OLED_ShowChar)
    OLED_ShowString                          0x080028cd   Thumb Code    50  oled.o(i.OLED_ShowString)
    OLED_WR_Byte                             0x08002901   Thumb Code   126  oled.o(i.OLED_WR_Byte)
    PendSV_Handler                           0x08002985   Thumb Code     2  stm32l1xx_it.o(i.PendSV_Handler)
    RTC_Bcd2ToByte                           0x08002a09   Thumb Code    18  stm32l1xx_hal_rtc.o(i.RTC_Bcd2ToByte)
    RTC_ByteToBcd2                           0x08002a1b   Thumb Code    22  stm32l1xx_hal_rtc.o(i.RTC_ByteToBcd2)
    RTC_EnterInitMode                        0x08002a31   Thumb Code    58  stm32l1xx_hal_rtc.o(i.RTC_EnterInitMode)
    SVC_Handler                              0x08002a6b   Thumb Code     2  stm32l1xx_it.o(i.SVC_Handler)
    SysTick_Handler                          0x08002a6d   Thumb Code     4  stm32l1xx_it.o(i.SysTick_Handler)
    SystemClock_Config                       0x08002a71   Thumb Code    98  main.o(i.SystemClock_Config)
    SystemInit                               0x08002ad9   Thumb Code    62  system_stm32l1xx.o(i.SystemInit)
    USART1_IRQHandler                        0x08002f69   Thumb Code     6  stm32l1xx_it.o(i.USART1_IRQHandler)
    USART2_IRQHandler                        0x08002f75   Thumb Code     6  stm32l1xx_it.o(i.USART2_IRQHandler)
    UsageFault_Handler                       0x08002f81   Thumb Code     2  stm32l1xx_it.o(i.UsageFault_Handler)
    __0printf                                0x08002f85   Thumb Code    22  printfa.o(i.__0printf)
    __1printf                                0x08002f85   Thumb Code     0  printfa.o(i.__0printf)
    __2printf                                0x08002f85   Thumb Code     0  printfa.o(i.__0printf)
    __c89printf                              0x08002f85   Thumb Code     0  printfa.o(i.__0printf)
    printf                                   0x08002f85   Thumb Code     0  printfa.o(i.__0printf)
    __0sprintf                               0x08002fa5   Thumb Code    34  printfa.o(i.__0sprintf)
    __1sprintf                               0x08002fa5   Thumb Code     0  printfa.o(i.__0sprintf)
    __2sprintf                               0x08002fa5   Thumb Code     0  printfa.o(i.__0sprintf)
    __c89sprintf                             0x08002fa5   Thumb Code     0  printfa.o(i.__0sprintf)
    sprintf                                  0x08002fa5   Thumb Code     0  printfa.o(i.__0sprintf)
    __0vsprintf                              0x08002fcd   Thumb Code    30  printfa.o(i.__0vsprintf)
    __1vsprintf                              0x08002fcd   Thumb Code     0  printfa.o(i.__0vsprintf)
    __2vsprintf                              0x08002fcd   Thumb Code     0  printfa.o(i.__0vsprintf)
    __c89vsprintf                            0x08002fcd   Thumb Code     0  printfa.o(i.__0vsprintf)
    vsprintf                                 0x08002fcd   Thumb Code     0  printfa.o(i.__0vsprintf)
    __ARM_fpclassify                         0x08002ff1   Thumb Code    40  fpclassify.o(i.__ARM_fpclassify)
    __kernel_poly                            0x08003019   Thumb Code   170  poly.o(i.__kernel_poly)
    __mathlib_dbl_divzero                    0x080030c5   Thumb Code    12  dunder.o(i.__mathlib_dbl_divzero)
    __mathlib_dbl_infnan                     0x080030d5   Thumb Code     6  dunder.o(i.__mathlib_dbl_infnan)
    __mathlib_dbl_infnan2                    0x080030db   Thumb Code     4  dunder.o(i.__mathlib_dbl_infnan2)
    __mathlib_dbl_invalid                    0x080030df   Thumb Code    12  dunder.o(i.__mathlib_dbl_invalid)
    __mathlib_dbl_overflow                   0x080030eb   Thumb Code    14  dunder.o(i.__mathlib_dbl_overflow)
    __mathlib_dbl_underflow                  0x080030f9   Thumb Code    10  dunder.o(i.__mathlib_dbl_underflow)
    __scatterload_copy                       0x08003109   Thumb Code    14  handlers.o(i.__scatterload_copy)
    __scatterload_null                       0x08003117   Thumb Code     2  handlers.o(i.__scatterload_null)
    __scatterload_zeroinit                   0x08003119   Thumb Code    14  handlers.o(i.__scatterload_zeroinit)
    __set_errno                              0x08003129   Thumb Code     6  errno.o(i.__set_errno)
    automatic_mode                           0x080039f1   Thumb Code    66  main.o(i.automatic_mode)
    control_light                            0x08003a39   Thumb Code    40  main.o(i.control_light)
    fputc                                    0x08003a65   Thumb Code    18  main.o(i.fputc)
    get_illumination_value                   0x08003a7d   Thumb Code   124  main.o(i.get_illumination_value)
    get_time_from_server                     0x08003b19   Thumb Code     6  user_cloud.o(i.get_time_from_server)
    key_even                                 0x08003b2d   Thumb Code   162  key.o(i.key_even)
    keys_init                                0x08003bd9   Thumb Code    94  key.o(i.keys_init)
    link_server                              0x08003c45   Thumb Code    24  user_cloud.o(i.link_server)
    log                                      0x08003c81   Thumb Code   808  log.o(i.log)
    log10                                    0x08003fdd   Thumb Code   198  log10.o(i.log10)
    main                                     0x080040c1   Thumb Code   464  main.o(i.main)
    nb_reset                                 0x080042d5   Thumb Code     6  user_cloud.o(i.nb_reset)
    nbiot_config                             0x080042e9   Thumb Code    76  user_cloud.o(i.nbiot_config)
    oled_display_connection_status           0x08004389   Thumb Code    76  user_oled.o(i.oled_display_connection_status)
    oled_display_illumination                0x080043d5   Thumb Code    60  user_oled.o(i.oled_display_illumination)
    oled_display_information                 0x08004419   Thumb Code   190  user_oled.o(i.oled_display_information)
    oled_display_light_status                0x080044dd   Thumb Code    22  user_oled.o(i.oled_display_light_status)
    oled_show_mode                           0x080044f5   Thumb Code    22  user_oled.o(i.oled_show_mode)
    pow                                      0x08004515   Thumb Code  2512  pow.o(i.pow)
    rcv_data_deal                            0x08004eed   Thumb Code   272  user_cloud.o(i.rcv_data_deal)
    send_AT_command                          0x08005061   Thumb Code    58  user_cloud.o(i.send_AT_command)
    send_data_to_cloud                       0x080050a1   Thumb Code   152  user_cloud.o(i.send_data_to_cloud)
    set_DateAndTime                          0x08005175   Thumb Code    72  user_rtc.o(i.set_DateAndTime)
    sqrt                                     0x080051c1   Thumb Code    76  sqrt.o(i.sqrt)
    usart1_data_fifo_is_full                 0x0800520d   Thumb Code    20  user_usart1.o(i.usart1_data_fifo_is_full)
    usart1_data_fifo_put                     0x08005225   Thumb Code    46  user_usart1.o(i.usart1_data_fifo_put)
    usart2_data_fifo_get                     0x0800525d   Thumb Code    48  user_usart2.o(i.usart2_data_fifo_get)
    usart2_data_fifo_is_full                 0x08005295   Thumb Code    20  user_usart2.o(i.usart2_data_fifo_is_full)
    usart2_data_fifo_len                     0x080052ad   Thumb Code    10  user_usart2.o(i.usart2_data_fifo_len)
    usart2_data_fifo_put                     0x080052bd   Thumb Code    46  user_usart2.o(i.usart2_data_fifo_put)
    usart2_data_fifo_read                    0x080052f5   Thumb Code    30  user_usart2.o(i.usart2_data_fifo_read)
    wait_answer                              0x08005315   Thumb Code   100  user_cloud.o(i.wait_answer)
    wait_nbiot_start                         0x080053a5   Thumb Code    58  user_cloud.o(i.wait_nbiot_start)
    F8X16                                    0x08005408   Data        1520  oled.o(.constdata)
    PLLMulTable                              0x080059f8   Data           9  system_stm32l1xx.o(.constdata)
    AHBPrescTable                            0x08005a01   Data          16  system_stm32l1xx.o(.constdata)
    APBPrescTable                            0x08005a11   Data           8  system_stm32l1xx.o(.constdata)
    __mathlib_zero                           0x08005ae0   Data           8  qnan.o(.constdata)
    Region$$Table$$Base                      0x08005b2c   Number         0  anon$$obj.o(Region$$Table)
    Region$$Table$$Limit                     0x08005b4c   Number         0  anon$$obj.o(Region$$Table)
    Hzk                                      0x20000000   Data        1408  oled.o(.data)
    usart2_data_frame_put_index              0x20000580   Data           1  user_usart2.o(.data)
    usart2_data_frame_get_index              0x20000581   Data           1  user_usart2.o(.data)
    usart2_data_fifo_buf_in                  0x20000584   Data           4  user_usart2.o(.data)
    usart2_data_fifo_buf_out                 0x20000588   Data           4  user_usart2.o(.data)
    usart1_data_frame_put_index              0x2000058c   Data           1  user_usart1.o(.data)
    usart1_data_frame_get_index              0x2000058d   Data           1  user_usart1.o(.data)
    usart1_data_fifo_buf_in                  0x20000590   Data           4  user_usart1.o(.data)
    usart1_data_fifo_buf_out                 0x20000594   Data           4  user_usart1.o(.data)
    usart1RxBuf                              0x20000598   Data           1  main.o(.data)
    usart2RxBuf                              0x20000599   Data           1  main.o(.data)
    uwTick                                   0x200005a0   Data           4  stm32l1xx_hal.o(.data)
    SystemCoreClock                          0x200005a4   Data           4  system_stm32l1xx.o(.data)
    __stdout                                 0x200005a8   Data           4  stdout.o(.data)
    usart2_data_fifo_buf                     0x200005b0   Data         128  user_usart2.o(.bss)
    usart1_data_fifo_buf                     0x20000630   Data         128  user_usart1.o(.bss)
    hadc                                     0x20000730   Data          84  main.o(.bss)
    hrtc                                     0x20000784   Data          32  main.o(.bss)
    huart1                                   0x200007a4   Data          64  main.o(.bss)
    huart2                                   0x200007e4   Data          64  main.o(.bss)
    __initial_sp                             0x20000c28   Data           0  startup_stm32l151xb.o(STACK)



==============================================================================

Memory Map of the image

  Image Entry point : 0x080000f5

  Load Region LR_IROM1 (Base: 0x08000000, Size: 0x000060fc, Max: 0x00010000, ABSOLUTE, COMPRESSED[0x00005d3c])

    Execution Region ER_IROM1 (Exec base: 0x08000000, Load base: 0x08000000, Size: 0x00005b4c, Max: 0x00010000, ABSOLUTE)

    Exec Addr    Load Addr    Size         Type   Attr      Idx    E Section Name        Object

    0x08000000   0x08000000   0x000000f4   Data   RO            3    RESET               startup_stm32l151xb.o
    0x080000f4   0x080000f4   0x00000000   Code   RO         2760  * .ARM.Collect$$$$00000000  mc_w.l(entry.o)
    0x080000f4   0x080000f4   0x00000004   Code   RO         3087    .ARM.Collect$$$$00000001  mc_w.l(entry2.o)
    0x080000f8   0x080000f8   0x00000004   Code   RO         3090    .ARM.Collect$$$$00000004  mc_w.l(entry5.o)
    0x080000fc   0x080000fc   0x00000000   Code   RO         3092    .ARM.Collect$$$$00000008  mc_w.l(entry7b.o)
    0x080000fc   0x080000fc   0x00000000   Code   RO         3094    .ARM.Collect$$$$0000000A  mc_w.l(entry8b.o)
    0x080000fc   0x080000fc   0x00000008   Code   RO         3095    .ARM.Collect$$$$0000000B  mc_w.l(entry9a.o)
    0x08000104   0x08000104   0x00000000   Code   RO         3097    .ARM.Collect$$$$0000000D  mc_w.l(entry10a.o)
    0x08000104   0x08000104   0x00000000   Code   RO         3099    .ARM.Collect$$$$0000000F  mc_w.l(entry11a.o)
    0x08000104   0x08000104   0x00000004   Code   RO         3088    .ARM.Collect$$$$00002712  mc_w.l(entry2.o)
    0x08000108   0x08000108   0x00000024   Code   RO            4    .text               startup_stm32l151xb.o
    0x0800012c   0x0800012c   0x00000024   Code   RO         2763    .text               mc_w.l(memseta.o)
    0x08000150   0x08000150   0x00000024   Code   RO         2765    .text               mc_w.l(strstr.o)
    0x08000174   0x08000174   0x0000000e   Code   RO         2767    .text               mc_w.l(strlen.o)
    0x08000182   0x08000182   0x000000b0   Code   RO         3030    .text               mf_w.l(fadd.o)
    0x08000232   0x08000232   0x0000007c   Code   RO         3032    .text               mf_w.l(fdiv.o)
    0x080002ae   0x080002ae   0x0000014e   Code   RO         3034    .text               mf_w.l(dadd.o)
    0x080003fc   0x080003fc   0x000000e4   Code   RO         3036    .text               mf_w.l(dmul.o)
    0x080004e0   0x080004e0   0x000000de   Code   RO         3038    .text               mf_w.l(ddiv.o)
    0x080005be   0x080005be   0x0000002e   Code   RO         3040    .text               mf_w.l(dscalb.o)
    0x080005ec   0x080005ec   0x0000000a   Code   RO         3042    .text               mf_w.l(ffltui.o)
    0x080005f6   0x080005f6   0x00000032   Code   RO         3044    .text               mf_w.l(ffixi.o)
    0x08000628   0x08000628   0x00000026   Code   RO         3046    .text               mf_w.l(f2d.o)
    0x0800064e   0x0800064e   0x00000038   Code   RO         3048    .text               mf_w.l(d2f.o)
    0x08000686   0x08000686   0x0000002c   Code   RO         3102    .text               mc_w.l(uidiv.o)
    0x080006b2   0x080006b2   0x00000062   Code   RO         3104    .text               mc_w.l(uldiv.o)
    0x08000714   0x08000714   0x0000001e   Code   RO         3106    .text               mc_w.l(llshl.o)
    0x08000732   0x08000732   0x00000024   Code   RO         3108    .text               mc_w.l(llsshr.o)
    0x08000756   0x08000756   0x00000000   Code   RO         3117    .text               mc_w.l(iusefp.o)
    0x08000756   0x08000756   0x0000006e   Code   RO         3118    .text               mf_w.l(fepilogue.o)
    0x080007c4   0x080007c4   0x000000ba   Code   RO         3120    .text               mf_w.l(depilogue.o)
    0x0800087e   0x0800087e   0x00000022   Code   RO         3122    .text               mf_w.l(dflti.o)
    0x080008a0   0x080008a0   0x00000030   Code   RO         3124    .text               mf_w.l(dfixul.o)
    0x080008d0   0x080008d0   0x00000030   Code   RO         3126    .text               mf_w.l(cdrcmple.o)
    0x08000900   0x08000900   0x00000024   Code   RO         3128    .text               mc_w.l(init.o)
    0x08000924   0x08000924   0x00000020   Code   RO         3130    .text               mc_w.l(llushr.o)
    0x08000944   0x08000944   0x000000a2   Code   RO         3132    .text               mf_w.l(dsqrt.o)
    0x080009e6   0x080009e6   0x00000002   PAD
    0x080009e8   0x080009e8   0x00000030   Code   RO         3134    .text               mf_w.l(cdcmple.o)
    0x08000a18   0x08000a18   0x0000005e   Code   RO         3144    .text               mc_w.l(__dclz77c.o)
    0x08000a76   0x08000a76   0x00000002   PAD
    0x08000a78   0x08000a78   0x0000004c   Code   RO          835    i.ADC_ConversionStop_Disable  stm32l1xx_hal_adc.o
    0x08000ac4   0x08000ac4   0x00000074   Code   RO          839    i.ADC_Enable        stm32l1xx_hal_adc.o
    0x08000b38   0x08000b38   0x00000002   Code   RO          646    i.BusFault_Handler  stm32l1xx_it.o
    0x08000b3a   0x08000b3a   0x00000002   Code   RO          647    i.DebugMon_Handler  stm32l1xx_it.o
    0x08000b3c   0x08000b3c   0x00000148   Code   RO          841    i.HAL_ADC_ConfigChannel  stm32l1xx_hal_adc.o
    0x08000c84   0x08000c84   0x00000006   Code   RO          848    i.HAL_ADC_GetValue  stm32l1xx_hal_adc.o
    0x08000c8a   0x08000c8a   0x00000002   PAD
    0x08000c8c   0x08000c8c   0x0000019c   Code   RO          850    i.HAL_ADC_Init      stm32l1xx_hal_adc.o
    0x08000e28   0x08000e28   0x00000060   Code   RO          735    i.HAL_ADC_MspInit   stm32l1xx_hal_msp.o
    0x08000e88   0x08000e88   0x000000a6   Code   RO          854    i.HAL_ADC_PollForConversion  stm32l1xx_hal_adc.o
    0x08000f2e   0x08000f2e   0x00000076   Code   RO          856    i.HAL_ADC_Start     stm32l1xx_hal_adc.o
    0x08000fa4   0x08000fa4   0x00000034   Code   RO          859    i.HAL_ADC_Stop      stm32l1xx_hal_adc.o
    0x08000fd8   0x08000fd8   0x00000016   Code   RO         1693    i.HAL_Delay         stm32l1xx_hal.o
    0x08000fee   0x08000fee   0x00000002   PAD
    0x08000ff0   0x08000ff0   0x0000018c   Code   RO         2234    i.HAL_GPIO_Init     stm32l1xx_hal_gpio.o
    0x0800117c   0x0800117c   0x0000000a   Code   RO         2236    i.HAL_GPIO_ReadPin  stm32l1xx_hal_gpio.o
    0x08001186   0x08001186   0x0000000a   Code   RO         2238    i.HAL_GPIO_WritePin  stm32l1xx_hal_gpio.o
    0x08001190   0x08001190   0x0000000c   Code   RO         1697    i.HAL_GetTick       stm32l1xx_hal.o
    0x0800119c   0x0800119c   0x00000010   Code   RO         1698    i.HAL_IncTick       stm32l1xx_hal.o
    0x080011ac   0x080011ac   0x00000016   Code   RO         1699    i.HAL_Init          stm32l1xx_hal.o
    0x080011c2   0x080011c2   0x00000002   PAD
    0x080011c4   0x080011c4   0x00000028   Code   RO         1700    i.HAL_InitTick      stm32l1xx_hal.o
    0x080011ec   0x080011ec   0x0000003c   Code   RO          736    i.HAL_MspInit       stm32l1xx_hal_msp.o
    0x08001228   0x08001228   0x00000016   Code   RO         2577    i.HAL_NVIC_EnableIRQ  stm32l1xx_hal_cortex.o
    0x0800123e   0x0800123e   0x00000002   PAD
    0x08001240   0x08001240   0x00000040   Code   RO         2583    i.HAL_NVIC_SetPriority  stm32l1xx_hal_cortex.o
    0x08001280   0x08001280   0x00000024   Code   RO         2584    i.HAL_NVIC_SetPriorityGrouping  stm32l1xx_hal_cortex.o
    0x080012a4   0x080012a4   0x00000168   Code   RO         1930    i.HAL_RCCEx_PeriphCLKConfig  stm32l1xx_hal_rcc_ex.o
    0x0800140c   0x0800140c   0x000001d4   Code   RO         1822    i.HAL_RCC_ClockConfig  stm32l1xx_hal_rcc.o
    0x080015e0   0x080015e0   0x00000030   Code   RO         1829    i.HAL_RCC_GetPCLK1Freq  stm32l1xx_hal_rcc.o
    0x08001610   0x08001610   0x00000030   Code   RO         1830    i.HAL_RCC_GetPCLK2Freq  stm32l1xx_hal_rcc.o
    0x08001640   0x08001640   0x0000008c   Code   RO         1831    i.HAL_RCC_GetSysClockFreq  stm32l1xx_hal_rcc.o
    0x080016cc   0x080016cc   0x00000750   Code   RO         1834    i.HAL_RCC_OscConfig  stm32l1xx_hal_rcc.o
    0x08001e1c   0x08001e1c   0x00000044   Code   RO         1082    i.HAL_RTC_GetDate   stm32l1xx_hal_rtc.o
    0x08001e60   0x08001e60   0x00000048   Code   RO         1216    i.HAL_RTC_GetTime   stm32l1xx_hal_rtc_ex.o
    0x08001ea8   0x08001ea8   0x0000009c   Code   RO         1084    i.HAL_RTC_Init      stm32l1xx_hal_rtc.o
    0x08001f44   0x08001f44   0x00000028   Code   RO          738    i.HAL_RTC_MspInit   stm32l1xx_hal_msp.o
    0x08001f6c   0x08001f6c   0x000000c8   Code   RO         1088    i.HAL_RTC_SetDate   stm32l1xx_hal_rtc.o
    0x08002034   0x08002034   0x000000e8   Code   RO         1089    i.HAL_RTC_SetTime   stm32l1xx_hal_rtc.o
    0x0800211c   0x0800211c   0x00000036   Code   RO         1219    i.HAL_RTC_WaitForSynchro  stm32l1xx_hal_rtc_ex.o
    0x08002152   0x08002152   0x00000028   Code   RO         2588    i.HAL_SYSTICK_Config  stm32l1xx_hal_cortex.o
    0x0800217a   0x0800217a   0x00000002   PAD
    0x0800217c   0x0800217c   0x00000050   Code   RO          554    i.HAL_UART_ErrorCallback  main.o
    0x080021cc   0x080021cc   0x000000da   Code   RO         1464    i.HAL_UART_IRQHandler  stm32l1xx_hal_uart.o
    0x080022a6   0x080022a6   0x0000005e   Code   RO         1465    i.HAL_UART_Init     stm32l1xx_hal_uart.o
    0x08002304   0x08002304   0x000000b8   Code   RO          740    i.HAL_UART_MspInit  stm32l1xx_hal_msp.o
    0x080023bc   0x080023bc   0x0000006a   Code   RO         1470    i.HAL_UART_Receive_IT  stm32l1xx_hal_uart.o
    0x08002426   0x08002426   0x00000002   PAD
    0x08002428   0x08002428   0x00000048   Code   RO          555    i.HAL_UART_RxCpltCallback  main.o
    0x08002470   0x08002470   0x000000cc   Code   RO         1473    i.HAL_UART_Transmit  stm32l1xx_hal_uart.o
    0x0800253c   0x0800253c   0x00000002   Code   RO         1476    i.HAL_UART_TxCpltCallback  stm32l1xx_hal_uart.o
    0x0800253e   0x0800253e   0x00000002   Code   RO          648    i.HardFault_Handler  stm32l1xx_it.o
    0x08002540   0x08002540   0x0000004c   Code   RO          556    i.MX_ADC_Init       main.o
    0x0800258c   0x0800258c   0x00000068   Code   RO          557    i.MX_RTC_Init       main.o
    0x080025f4   0x080025f4   0x00000002   Code   RO          649    i.MemManage_Handler  stm32l1xx_it.o
    0x080025f6   0x080025f6   0x00000002   Code   RO          650    i.NMI_Handler       stm32l1xx_it.o
    0x080025f8   0x080025f8   0x00000020   Code   RO         2590    i.NVIC_SetPriority  stm32l1xx_hal_cortex.o
    0x08002618   0x08002618   0x0000003c   Code   RO           13    i.OLED_Clear        oled.o
    0x08002654   0x08002654   0x00000198   Code   RO           17    i.OLED_Init         oled.o
    0x080027ec   0x080027ec   0x0000002c   Code   RO           18    i.OLED_Set_Pos      oled.o
    0x08002818   0x08002818   0x00000050   Code   RO           19    i.OLED_ShowCHinese  oled.o
    0x08002868   0x08002868   0x00000064   Code   RO           20    i.OLED_ShowChar     oled.o
    0x080028cc   0x080028cc   0x00000032   Code   RO           22    i.OLED_ShowString   oled.o
    0x080028fe   0x080028fe   0x00000002   PAD
    0x08002900   0x08002900   0x00000084   Code   RO           23    i.OLED_WR_Byte      oled.o
    0x08002984   0x08002984   0x00000002   Code   RO          651    i.PendSV_Handler    stm32l1xx_it.o
    0x08002986   0x08002986   0x00000002   PAD
    0x08002988   0x08002988   0x00000080   Code   RO         1835    i.RCC_SetFlashLatencyFromMSIRange  stm32l1xx_hal_rcc.o
    0x08002a08   0x08002a08   0x00000012   Code   RO         1090    i.RTC_Bcd2ToByte    stm32l1xx_hal_rtc.o
    0x08002a1a   0x08002a1a   0x00000016   Code   RO         1091    i.RTC_ByteToBcd2    stm32l1xx_hal_rtc.o
    0x08002a30   0x08002a30   0x0000003a   Code   RO         1092    i.RTC_EnterInitMode  stm32l1xx_hal_rtc.o
    0x08002a6a   0x08002a6a   0x00000002   Code   RO          652    i.SVC_Handler       stm32l1xx_it.o
    0x08002a6c   0x08002a6c   0x00000004   Code   RO          653    i.SysTick_Handler   stm32l1xx_it.o
    0x08002a70   0x08002a70   0x00000068   Code   RO          558    i.SystemClock_Config  main.o
    0x08002ad8   0x08002ad8   0x00000050   Code   RO         2708    i.SystemInit        system_stm32l1xx.o
    0x08002b28   0x08002b28   0x000000a8   Code   RO         1483    i.UART_Receive_IT   stm32l1xx_hal_uart.o
    0x08002bd0   0x08002bd0   0x000002a0   Code   RO         1484    i.UART_SetConfig    stm32l1xx_hal_uart.o
    0x08002e70   0x08002e70   0x00000066   Code   RO         1485    i.UART_Transmit_IT  stm32l1xx_hal_uart.o
    0x08002ed6   0x08002ed6   0x00000092   Code   RO         1486    i.UART_WaitOnFlagUntilTimeout  stm32l1xx_hal_uart.o
    0x08002f68   0x08002f68   0x0000000c   Code   RO          654    i.USART1_IRQHandler  stm32l1xx_it.o
    0x08002f74   0x08002f74   0x0000000c   Code   RO          655    i.USART2_IRQHandler  stm32l1xx_it.o
    0x08002f80   0x08002f80   0x00000002   Code   RO          656    i.UsageFault_Handler  stm32l1xx_it.o
    0x08002f82   0x08002f82   0x00000002   PAD
    0x08002f84   0x08002f84   0x00000020   Code   RO         3002    i.__0printf         mc_w.l(printfa.o)
    0x08002fa4   0x08002fa4   0x00000028   Code   RO         3004    i.__0sprintf        mc_w.l(printfa.o)
    0x08002fcc   0x08002fcc   0x00000024   Code   RO         3008    i.__0vsprintf       mc_w.l(printfa.o)
    0x08002ff0   0x08002ff0   0x00000028   Code   RO         3064    i.__ARM_fpclassify  m_ws.l(fpclassify.o)
    0x08003018   0x08003018   0x000000aa   Code   RO         3076    i.__kernel_poly     m_ws.l(poly.o)
    0x080030c2   0x080030c2   0x00000002   PAD
    0x080030c4   0x080030c4   0x00000010   Code   RO         3050    i.__mathlib_dbl_divzero  m_ws.l(dunder.o)
    0x080030d4   0x080030d4   0x00000006   Code   RO         3051    i.__mathlib_dbl_infnan  m_ws.l(dunder.o)
    0x080030da   0x080030da   0x00000004   Code   RO         3052    i.__mathlib_dbl_infnan2  m_ws.l(dunder.o)
    0x080030de   0x080030de   0x0000000c   Code   RO         3053    i.__mathlib_dbl_invalid  m_ws.l(dunder.o)
    0x080030ea   0x080030ea   0x0000000e   Code   RO         3054    i.__mathlib_dbl_overflow  m_ws.l(dunder.o)
    0x080030f8   0x080030f8   0x00000010   Code   RO         3056    i.__mathlib_dbl_underflow  m_ws.l(dunder.o)
    0x08003108   0x08003108   0x0000000e   Code   RO         3138    i.__scatterload_copy  mc_w.l(handlers.o)
    0x08003116   0x08003116   0x00000002   Code   RO         3139    i.__scatterload_null  mc_w.l(handlers.o)
    0x08003118   0x08003118   0x0000000e   Code   RO         3140    i.__scatterload_zeroinit  mc_w.l(handlers.o)
    0x08003126   0x08003126   0x00000002   PAD
    0x08003128   0x08003128   0x0000000c   Code   RO         3112    i.__set_errno       mc_w.l(errno.o)
    0x08003134   0x08003134   0x00000184   Code   RO         3009    i._fp_digits        mc_w.l(printfa.o)
    0x080032b8   0x080032b8   0x000006dc   Code   RO         3010    i._printf_core      mc_w.l(printfa.o)
    0x08003994   0x08003994   0x00000024   Code   RO         3011    i._printf_post_padding  mc_w.l(printfa.o)
    0x080039b8   0x080039b8   0x0000002e   Code   RO         3012    i._printf_pre_padding  mc_w.l(printfa.o)
    0x080039e6   0x080039e6   0x0000000a   Code   RO         3014    i._sputc            mc_w.l(printfa.o)
    0x080039f0   0x080039f0   0x00000048   Code   RO          559    i.automatic_mode    main.o
    0x08003a38   0x08003a38   0x0000002c   Code   RO          560    i.control_light     main.o
    0x08003a64   0x08003a64   0x00000018   Code   RO          561    i.fputc             main.o
    0x08003a7c   0x08003a7c   0x0000009c   Code   RO          562    i.get_illumination_value  main.o
    0x08003b18   0x08003b18   0x00000014   Code   RO          466    i.get_time_from_server  user_cloud.o
    0x08003b2c   0x08003b2c   0x000000ac   Code   RO          207    i.key_even          key.o
    0x08003bd8   0x08003bd8   0x0000006c   Code   RO          208    i.keys_init         key.o
    0x08003c44   0x08003c44   0x0000003c   Code   RO          467    i.link_server       user_cloud.o
    0x08003c80   0x08003c80   0x0000035c   Code   RO         3067    i.log               m_ws.l(log.o)
    0x08003fdc   0x08003fdc   0x000000e4   Code   RO         2743    i.log10             m_ws.l(log10.o)
    0x080040c0   0x080040c0   0x00000214   Code   RO          563    i.main              main.o
    0x080042d4   0x080042d4   0x00000014   Code   RO          468    i.nb_reset          user_cloud.o
    0x080042e8   0x080042e8   0x000000a0   Code   RO          469    i.nbiot_config      user_cloud.o
    0x08004388   0x08004388   0x0000004c   Code   RO          408    i.oled_display_connection_status  user_oled.o
    0x080043d4   0x080043d4   0x00000044   Code   RO          409    i.oled_display_illumination  user_oled.o
    0x08004418   0x08004418   0x000000c4   Code   RO          410    i.oled_display_information  user_oled.o
    0x080044dc   0x080044dc   0x00000016   Code   RO          411    i.oled_display_light_status  user_oled.o
    0x080044f2   0x080044f2   0x00000002   PAD
    0x080044f4   0x080044f4   0x00000020   Code   RO          412    i.oled_show_mode    user_oled.o
    0x08004514   0x08004514   0x000009d8   Code   RO         2751    i.pow               m_ws.l(pow.o)
    0x08004eec   0x08004eec   0x00000174   Code   RO          470    i.rcv_data_deal     user_cloud.o
    0x08005060   0x08005060   0x00000040   Code   RO          471    i.send_AT_command   user_cloud.o
    0x080050a0   0x080050a0   0x000000d4   Code   RO          472    i.send_data_to_cloud  user_cloud.o
    0x08005174   0x08005174   0x0000004c   Code   RO          795    i.set_DateAndTime   user_rtc.o
    0x080051c0   0x080051c0   0x0000004c   Code   RO         3080    i.sqrt              m_ws.l(sqrt.o)
    0x0800520c   0x0800520c   0x00000018   Code   RO          333    i.usart1_data_fifo_is_full  user_usart1.o
    0x08005224   0x08005224   0x00000038   Code   RO          335    i.usart1_data_fifo_put  user_usart1.o
    0x0800525c   0x0800525c   0x00000038   Code   RO          242    i.usart2_data_fifo_get  user_usart2.o
    0x08005294   0x08005294   0x00000018   Code   RO          244    i.usart2_data_fifo_is_full  user_usart2.o
    0x080052ac   0x080052ac   0x00000010   Code   RO          245    i.usart2_data_fifo_len  user_usart2.o
    0x080052bc   0x080052bc   0x00000038   Code   RO          246    i.usart2_data_fifo_put  user_usart2.o
    0x080052f4   0x080052f4   0x0000001e   Code   RO          247    i.usart2_data_fifo_read  user_usart2.o
    0x08005312   0x08005312   0x00000002   PAD
    0x08005314   0x08005314   0x00000090   Code   RO          473    i.wait_answer       user_cloud.o
    0x080053a4   0x080053a4   0x00000064   Code   RO          474    i.wait_nbiot_start  user_cloud.o
    0x08005408   0x08005408   0x000005f0   Data   RO           26    .constdata          oled.o
    0x080059f8   0x080059f8   0x00000019   Data   RO         2709    .constdata          system_stm32l1xx.o
    0x08005a11   0x08005a11   0x00000008   Data   RO         2710    .constdata          system_stm32l1xx.o
    0x08005a19   0x08005a19   0x00000007   PAD
    0x08005a20   0x08005a20   0x00000088   Data   RO         2752    .constdata          m_ws.l(pow.o)
    0x08005aa8   0x08005aa8   0x00000038   Data   RO         3068    .constdata          m_ws.l(log.o)
    0x08005ae0   0x08005ae0   0x00000008   Data   RO         3078    .constdata          m_ws.l(qnan.o)
    0x08005ae8   0x08005ae8   0x00000041   Data   RO          476    .conststring        user_cloud.o
    0x08005b29   0x08005b29   0x00000003   PAD
    0x08005b2c   0x08005b2c   0x00000020   Data   RO         3136    Region$$Table       anon$$obj.o


    Execution Region RW_IRAM1 (Exec base: 0x20000000, Load base: 0x08005b4c, Size: 0x00000c28, Max: 0x00002800, ABSOLUTE, COMPRESSED[0x000001f0])

    Exec Addr    Load Addr    Size         Type   Attr      Idx    E Section Name        Object

    0x20000000   COMPRESSED   0x00000580   Data   RW           27    .data               oled.o
    0x20000580   COMPRESSED   0x0000000c   Data   RW          250    .data               user_usart2.o
    0x2000058c   COMPRESSED   0x0000000c   Data   RW          339    .data               user_usart1.o
    0x20000598   COMPRESSED   0x00000008   Data   RW          565    .data               main.o
    0x200005a0   COMPRESSED   0x00000004   Data   RW         1705    .data               stm32l1xx_hal.o
    0x200005a4   COMPRESSED   0x00000004   Data   RW         2711    .data               system_stm32l1xx.o
    0x200005a8   COMPRESSED   0x00000004   Data   RW         3101    .data               mc_w.l(stdout.o)
    0x200005ac   COMPRESSED   0x00000004   Data   RW         3113    .data               mc_w.l(errno.o)
    0x200005b0        -       0x00000080   Zero   RW          249    .bss                user_usart2.o
    0x20000630        -       0x00000080   Zero   RW          338    .bss                user_usart1.o
    0x200006b0        -       0x00000080   Zero   RW          475    .bss                user_cloud.o
    0x20000730        -       0x000000f4   Zero   RW          564    .bss                main.o
    0x20000824   COMPRESSED   0x00000004   PAD
    0x20000828        -       0x00000400   Zero   RW            1    STACK               startup_stm32l151xb.o


==============================================================================

Image component sizes


      Code (inc. data)   RO Data    RW Data    ZI Data      Debug   Object Name

       280         24          0          0          0       2023   key.o
      1264        182          0          8        244       8647   main.o
       874         26       1520       1408          0     380494   oled.o
        36          8        244          0       1024        892   startup_stm32l151xb.o
       112         18          0          4          0       4527   stm32l1xx_hal.o
      1274         42          0          0          0       8179   stm32l1xx_hal_adc.o
       194         14          0          0          0      28207   stm32l1xx_hal_cortex.o
       416         32          0          0          0       3467   stm32l1xx_hal_gpio.o
       380         40          0          0          0       3469   stm32l1xx_hal_msp.o
      2704        108          0          0          0       7628   stm32l1xx_hal_rcc.o
       360         12          0          0          0       1692   stm32l1xx_hal_rcc_ex.o
       754         20          0          0          0       6777   stm32l1xx_hal_rtc.o
       126          6          0          0          0       2275   stm32l1xx_hal_rtc_ex.o
      1712          6          0          0          0       9022   stm32l1xx_hal_uart.o
        44         12          0          0          0       6074   stm32l1xx_it.o
        80         18         33          4          0       1591   system_stm32l1xx.o
      1152        400         65          0        128       7683   user_cloud.o
       394         24          0          0          0       3361   user_oled.o
        76          4          0          0          0        702   user_rtc.o
        80         14          0         12        128       2506   user_usart1.o
       182         28          0         12        128       6424   user_usart2.o

    ----------------------------------------------------------------------
     12516       1038       1904       1448       1656     495640   Object Totals
         0          0         32          0          0          0   (incl. Generated)
        22          0         10          0          4          0   (incl. Padding)

    ----------------------------------------------------------------------

      Code (inc. data)   RO Data    RW Data    ZI Data      Debug   Library Member Name

        68         10          0          0          0        408   dunder.o
        40          0          0          0          0         68   fpclassify.o
       860         52         56          0          0        256   log.o
       228         30          0          0          0        120   log10.o
       170          0          0          0          0         96   poly.o
      2520        190        136          0          0        324   pow.o
         0          0          8          0          0          0   qnan.o
        76          0          0          0          0         84   sqrt.o
        94          0          0          0          0          0   __dclz77c.o
         0          0          0          0          0          0   entry.o
         0          0          0          0          0          0   entry10a.o
         0          0          0          0          0          0   entry11a.o
         8          4          0          0          0          0   entry2.o
         4          0          0          0          0          0   entry5.o
         0          0          0          0          0          0   entry7b.o
         0          0          0          0          0          0   entry8b.o
         8          4          0          0          0          0   entry9a.o
        12          6          0          4          0         68   errno.o
        30          0          0          0          0          0   handlers.o
        36          8          0          0          0         68   init.o
         0          0          0          0          0          0   iusefp.o
        30          0          0          0          0         68   llshl.o
        36          0          0          0          0         68   llsshr.o
        32          0          0          0          0         68   llushr.o
        36          0          0          0          0        108   memseta.o
      2344        102          0          0          0        684   printfa.o
         0          0          0          4          0          0   stdout.o
        14          0          0          0          0         68   strlen.o
        36          0          0          0          0         80   strstr.o
        44          0          0          0          0         80   uidiv.o
        98          0          0          0          0         92   uldiv.o
        48          0          0          0          0         68   cdcmple.o
        48          0          0          0          0         68   cdrcmple.o
        56          0          0          0          0         88   d2f.o
       334          0          0          0          0        148   dadd.o
       222          0          0          0          0        100   ddiv.o
       186          0          0          0          0        176   depilogue.o
        48          0          0          0          0         68   dfixul.o
        34          0          0          0          0         76   dflti.o
       228          0          0          0          0         96   dmul.o
        46          0          0          0          0         80   dscalb.o
       162          0          0          0          0        100   dsqrt.o
        38          0          0          0          0         68   f2d.o
       176          0          0          0          0        140   fadd.o
       124          0          0          0          0         88   fdiv.o
       110          0          0          0          0        168   fepilogue.o
        50          0          0          0          0         68   ffixi.o
        10          0          0          0          0         68   ffltui.o

    ----------------------------------------------------------------------
      8752        406        200          8          0       4476   Library Totals
         8          0          0          0          0          0   (incl. Padding)

    ----------------------------------------------------------------------

      Code (inc. data)   RO Data    RW Data    ZI Data      Debug   Library Name

      3962        282        200          0          0       1356   m_ws.l
      2862        124          0          8          0       1452   mc_w.l
      1920          0          0          0          0       1668   mf_w.l

    ----------------------------------------------------------------------
      8752        406        200          8          0       4476   Library Totals

    ----------------------------------------------------------------------

==============================================================================


      Code (inc. data)   RO Data    RW Data    ZI Data      Debug   

     21268       1444       2104       1456       1656     492808   Grand Totals
     21268       1444       2104        496       1656     492808   ELF Image Totals (compressed)
     21268       1444       2104        496          0          0   ROM Totals

==============================================================================

    Total RO  Size (Code + RO Data)                23372 (  22.82kB)
    Total RW  Size (RW Data + ZI Data)              3112 (   3.04kB)
    Total ROM Size (Code + RO Data + RW Data)      23868 (  23.31kB)

==============================================================================

